<html>
<body>
<pre>
<h1>µVision Build Log</h1>
<h2>Tool Versions:</h2>
IDE-Version: ¦ÌVision V5.28.0.0
Copyright (C) 2019 ARM Ltd and ARM Germany GmbH. All rights reserved.
License Information: Jiayi Li, Tongji University, LIC=UJWBS-LYS7E-3MJ9Q-NADMP-K5DIZ-A2TWG
 
Tool Versions:
Toolchain:       MDK-ARM Plus  Version: 5.28.0.0
Toolchain Path:  D:\software\Tiva\ARM KEIL\ARM\ARMCLANG\Bin
C Compiler:      ArmClang.exe V6.12
Assembler:       Armasm.exe V6.12
Linker/Locator:  ArmLink.exe V6.12
Library Manager: ArmAr.exe V6.12
Hex Converter:   FromElf.exe V6.12
CPU DLL:         SARMCM3.DLL V5.28.0.0
Dialog DLL:      DCM.DLL V1.17.3.0
Target DLL:      STLink\ST-LINKIII-KEIL_SWO.dll V3.0.6.0
Dialog DLL:      TCM.DLL V1.36.2.0
 
<h2>Project:</h2>
D:\work\TiCup\Test_ADC_DAC_!\MDK-ARM\Test_ADC_DAC_!.uvprojx
Project File Date:  07/30/2019

<h2>Output:</h2>
*** Using Compiler 'V6.12', folder: 'D:\software\Tiva\ARM KEIL\ARM\ARMCLANG\Bin'
Build target 'Test_ADC_DAC_!'
compiling main.c...
linking...
Program Size: Code=8872 RO-data=2560 RW-data=16 ZI-data=1512  
FromELF: creating hex file...
"Test_ADC_DAC_!\Test_ADC_DAC_!.axf" - 0 Error(s), 0 Warning(s).

<h2>Software Packages used:</h2>

Package Vendor: ARM
                http://www.keil.com/pack/ARM.CMSIS.5.5.1.pack
                ARM.CMSIS.5.5.1
                CMSIS (Cortex Microcontroller Software Interface Standard)
   * Component: CORE Version: 5.2.0

Package Vendor: Keil
                http://www.keil.com/pack/Keil.STM32F4xx_DFP.2.13.0.pack
                Keil.STM32F4xx_DFP.2.13.0
                STMicroelectronics STM32F4 Series Device Support, Drivers and Examples

<h2>Collection of Component include folders:</h2>
  .\RTE\_Test_ADC_DAC__
  D:\software\Tiva\ARM KEIL\ARM\PACK\ARM\CMSIS\5.5.1\CMSIS\Core\Include
  D:\software\Tiva\ARM KEIL\ARM\PACK\Keil\STM32F4xx_DFP\2.13.0\Drivers\CMSIS\Device\ST\STM32F4xx\Include

<h2>Collection of Component Files used:</h2>

   * Component: ARM::CMSIS:CORE:5.2.0
Build Time Elapsed:  00:00:03
</pre>
</body>
</html>
