Component: ARM Compiler 6.12 Tool: armlink [5d624300]

==============================================================================

Section Cross References

    startup_stm32f446xx.o(RESET) refers to startup_stm32f446xx.o(STACK) for __initial_sp
    startup_stm32f446xx.o(RESET) refers to startup_stm32f446xx.o(.text) for Reset_Handler
    startup_stm32f446xx.o(RESET) refers to stm32f4xx_it.o(.text.NMI_Handler) for NMI_Handler
    startup_stm32f446xx.o(RESET) refers to stm32f4xx_it.o(.text.HardFault_Handler) for HardFault_Handler
    startup_stm32f446xx.o(RESET) refers to stm32f4xx_it.o(.text.MemManage_Handler) for MemManage_Handler
    startup_stm32f446xx.o(RESET) refers to stm32f4xx_it.o(.text.BusFault_Handler) for BusFault_Handler
    startup_stm32f446xx.o(RESET) refers to stm32f4xx_it.o(.text.UsageFault_Handler) for UsageFault_Handler
    startup_stm32f446xx.o(RESET) refers to stm32f4xx_it.o(.text.SVC_Handler) for SVC_Handler
    startup_stm32f446xx.o(RESET) refers to stm32f4xx_it.o(.text.DebugMon_Handler) for DebugMon_Handler
    startup_stm32f446xx.o(RESET) refers to stm32f4xx_it.o(.text.PendSV_Handler) for PendSV_Handler
    startup_stm32f446xx.o(RESET) refers to stm32f4xx_it.o(.text.SysTick_Handler) for SysTick_Handler
    startup_stm32f446xx.o(RESET) refers to stm32f4xx_it.o(.text.TIM4_IRQHandler) for TIM4_IRQHandler
    startup_stm32f446xx.o(RESET) refers to stm32f4xx_it.o(.text.USART2_IRQHandler) for USART2_IRQHandler
    startup_stm32f446xx.o(.text) refers to system_stm32f4xx.o(.text.SystemInit) for SystemInit
    startup_stm32f446xx.o(.text) refers to entry.o(.ARM.Collect$$$$00000000) for __main
    main.o(.text.main) refers to stm32f4xx_hal.o(.text.HAL_Init) for HAL_Init
    main.o(.text.main) refers to initial.o(.text.SystemClock_Config) for SystemClock_Config
    main.o(.text.main) refers to main.o(.text.Sine_CalValue) for Sine_CalValue
    main.o(.text.main) refers to initial.o(.text.MX_USART1_UART_Init) for MX_USART1_UART_Init
    main.o(.text.main) refers to initial.o(.text.MX_GPIO_Init) for MX_GPIO_Init
    main.o(.text.main) refers to hw_gpu35c.o(.text.LCD_Clear) for LCD_Clear
    main.o(.text.main) refers to hw_gpu35c.o(.text.LCD_Initialize) for LCD_Initialize
    main.o(.text.main) refers to stm32f4xx_hal.o(.text.HAL_Delay) for HAL_Delay
    main.o(.text.main) refers to hw_gpu35c.o(.text.LCD_PrintChar) for LCD_PrintChar
    main.o(.text.main) refers to initial.o(.text.MX_DMA_Init) for MX_DMA_Init
    main.o(.text.main) refers to initial.o(.text.MX_ADC1_Init) for MX_ADC1_Init
    main.o(.text.main) refers to initial.o(.text.MX_DAC_Init) for MX_DAC_Init
    main.o(.text.main) refers to initial.o(.text.MX_TIM2_Config) for MX_TIM2_Config
    main.o(.text.main) refers to initial.o(.text.MX_TIM3_Config) for MX_TIM3_Config
    main.o(.text.main) refers to initial.o(.text.MX_TIM4_Config) for MX_TIM4_Config
    main.o(.text.main) refers to stm32f4xx_hal_gpio.o(.text.HAL_GPIO_WritePin) for HAL_GPIO_WritePin
    main.o(.text.main) refers to stm32f4xx_hal_adc.o(.text.HAL_ADC_Start_DMA) for HAL_ADC_Start_DMA
    main.o(.text.main) refers to hw_gpu35c.o(.text.LCD_PlotInit) for LCD_PlotInit
    main.o(.text.main) refers to main.o(.text.Signal_Process) for Signal_Process
    main.o(.text.main) refers to main.o(.text.Result_CalValue) for Result_CalValue
    main.o(.text.main) refers to main.o(.text.ResultDisplay) for ResultDisplay
    main.o(.text.main) refers to dflti.o(.text) for __aeabi_i2d
    main.o(.text.main) refers to ddiv.o(.text) for __aeabi_ddiv
    main.o(.text.main) refers to dmul.o(.text) for __aeabi_dmul
    main.o(.text.main) refers to dfixi.o(.text) for __aeabi_d2iz
    main.o(.text.main) refers to sw_virtual_oscilloscope.o(.text.VOSC_SendTwo_uint16) for VOSC_SendTwo_uint16
    main.o(.text.main) refers to main.o(.bss.sinewave_val) for sinewave_val
    main.o(.text.main) refers to main.o(.bss..L_MergedGlobals) for [Anonymous Symbol]
    main.o(.text.main) refers to initial.o(.bss.hadc1) for hadc1
    main.o(.text.main) refers to main.o(.bss.tempval3) for tempval3
    main.o(.text.main) refers to initial.o(.bss.huart1) for huart1
    main.o(.ARM.exidx.text.main) refers to main.o(.text.main) for [Anonymous Symbol]
    main.o(.text.Sine_CalValue) refers to dmul.o(.text) for __aeabi_dmul
    main.o(.text.Sine_CalValue) refers to d2f.o(.text) for __aeabi_d2f
    main.o(.text.Sine_CalValue) refers to arm_sin_f32.o(.text) for arm_sin_f32
    main.o(.text.Sine_CalValue) refers to f2d.o(.text) for __aeabi_f2d
    main.o(.text.Sine_CalValue) refers to dadd.o(.text) for __aeabi_dadd
    main.o(.text.Sine_CalValue) refers to dfixui.o(.text) for __aeabi_d2uiz
    main.o(.ARM.exidx.text.Sine_CalValue) refers to main.o(.text.Sine_CalValue) for [Anonymous Symbol]
    main.o(.text.Signal_Process) refers to stm32f4xx_hal_gpio.o(.text.HAL_GPIO_WritePin) for HAL_GPIO_WritePin
    main.o(.text.Signal_Process) refers to stm32f4xx_hal.o(.text.HAL_Delay) for HAL_Delay
[...]
    .text                                    0x080001d8   Section       36  startup_stm32f446xx.o(.text)
    .text                                    0x080001fc   Section        0  arm_sin_f32.o(.text)
    .text                                    0x08000290   Section        0  uldiv.o(.text)
    .text                                    0x080002f2   Section        0  memseta.o(.text)
    .text                                    0x08000316   Section        0  dadd.o(.text)
    .text                                    0x08000464   Section        0  dmul.o(.text)
    .text                                    0x08000548   Section        0  ddiv.o(.text)
    .text                                    0x08000626   Section        0  dflti.o(.text)
    .text                                    0x08000648   Section        0  dfltui.o(.text)
    .text                                    0x08000662   Section        0  dfixi.o(.text)
    .text                                    0x080006a0   Section        0  dfixui.o(.text)
    .text                                    0x080006d2   Section        0  f2d.o(.text)
    .text                                    0x080006f8   Section        0  d2f.o(.text)
    .text                                    0x08000730   Section        0  uidiv.o(.text)
    .text                                    0x0800075c   Section        0  llshl.o(.text)
    .text                                    0x0800077a   Section        0  llushr.o(.text)
    .text                                    0x0800079a   Section        0  llsshr.o(.text)
    .text                                    0x080007be   Section        0  iusefp.o(.text)
    .text                                    0x080007be   Section        0  fepilogue.o(.text)
    .text                                    0x0800082c   Section        0  depilogue.o(.text)
    .text                                    0x080008e6   Section        0  dfixul.o(.text)
    .text                                    0x08000918   Section       48  cdrcmple.o(.text)
    .text                                    0x08000948   Section       36  init.o(.text)
    ADC_DMAConvCplt                          0x0800096d   Thumb Code   104  stm32f4xx_hal_adc.o(.text.ADC_DMAConvCplt)
    [Anonymous Symbol]                       0x0800096c   Section        0  stm32f4xx_hal_adc.o(.text.ADC_DMAConvCplt)
    ADC_DMAError                             0x080009d5   Thumb Code    18  stm32f4xx_hal_adc.o(.text.ADC_DMAError)
    [Anonymous Symbol]                       0x080009d4   Section        0  stm32f4xx_hal_adc.o(.text.ADC_DMAError)
    ADC_DMAHalfConvCplt                      0x080009e7   Thumb Code     6  stm32f4xx_hal_adc.o(.text.ADC_DMAHalfConvCplt)
    [Anonymous Symbol]                       0x080009e6   Section        0  stm32f4xx_hal_adc.o(.text.ADC_DMAHalfConvCplt)
    [Anonymous Symbol]                       0x080009ec   Section        0  stm32f4xx_it.o(.text.BusFault_Handler)
    DAC_DMAConvCpltCh1                       0x080009ef   Thumb Code    16  stm32f4xx_hal_dac.o(.text.DAC_DMAConvCpltCh1)
    [Anonymous Symbol]                       0x080009ee   Section        0  stm32f4xx_hal_dac.o(.text.DAC_DMAConvCpltCh1)
    [Anonymous Symbol]                       0x080009fe   Section        0  stm32f4xx_hal_dac_ex.o(.text.DAC_DMAConvCpltCh2)
    DAC_DMAErrorCh1                          0x08000a0f   Thumb Code    24  stm32f4xx_hal_dac.o(.text.DAC_DMAErrorCh1)
    [Anonymous Symbol]                       0x08000a0e   Section        0  stm32f4xx_hal_dac.o(.text.DAC_DMAErrorCh1)
    [Anonymous Symbol]                       0x08000a26   Section        0  stm32f4xx_hal_dac_ex.o(.text.DAC_DMAErrorCh2)
    DAC_DMAHalfConvCpltCh1                   0x08000a3f   Thumb Code     6  stm32f4xx_hal_dac.o(.text.DAC_DMAHalfConvCpltCh1)
    [Anonymous Symbol]                       0x08000a3e   Section        0  stm32f4xx_hal_dac.o(.text.DAC_DMAHalfConvCpltCh1)
    [Anonymous Symbol]                       0x08000a44   Section        0  stm32f4xx_hal_dac_ex.o(.text.DAC_DMAHalfConvCpltCh2)
    DMA_CalcBaseAndBitshift                  0x08000a4d   Thumb Code    48  stm32f4xx_hal_dma.o(.text.DMA_CalcBaseAndBitshift)
    [Anonymous Symbol]                       0x08000a4c   Section        0  stm32f4xx_hal_dma.o(.text.DMA_CalcBaseAndBitshift)
    DMA_CalcBaseAndBitshift.flagBitshiftOffset 0x08000a74   Number         0  stm32f4xx_hal_dma.o(.text.DMA_CalcBaseAndBitshift)
    DMA_SetConfig                            0x08000a7d   Thumb Code    46  stm32f4xx_hal_dma.o(.text.DMA_SetConfig)
    [Anonymous Symbol]                       0x08000a7c   Section        0  stm32f4xx_hal_dma.o(.text.DMA_SetConfig)
    [Anonymous Symbol]                       0x08000aaa   Section        0  stm32f4xx_it.o(.text.DebugMon_Handler)
    [Anonymous Symbol]                       0x08000aac   Section        0  main.o(.text.Error_Handler)
    __arm_cp.9_0                             0x08000ab8   Number         4  main.o(.text.Error_Handler)
    [Anonymous Symbol]                       0x08000abc   Section        0  stm32f4xx_hal_adc.o(.text.HAL_ADC_ConfigChannel)
    __arm_cp.21_1                            0x08000bc4   Number         4  stm32f4xx_hal_adc.o(.text.HAL_ADC_ConfigChannel)
    [Anonymous Symbol]                       0x08000bc8   Section        0  stm32f4xx_hal_adc.o(.text.HAL_ADC_ConvCpltCallback)
    [Anonymous Symbol]                       0x08000bca   Section        0  stm32f4xx_hal_adc.o(.text.HAL_ADC_ConvHalfCpltCallback)
    [Anonymous Symbol]                       0x08000bcc   Section        0  stm32f4xx_hal_adc.o(.text.HAL_ADC_ErrorCallback)
    [Anonymous Symbol]                       0x08000bd0   Section        0  stm32f4xx_hal_adc.o(.text.HAL_ADC_Init)
    __arm_cp.0_0                             0x08000d04   Number         4  stm32f4xx_hal_adc.o(.text.HAL_ADC_Init)
    __arm_cp.0_1                             0x08000d08   Number         4  stm32f4xx_hal_adc.o(.text.HAL_ADC_Init)
    __arm_cp.0_2                             0x08000d0c   Number         4  stm32f4xx_hal_adc.o(.text.HAL_ADC_Init)
    __arm_cp.0_3                             0x08000d10   Number         4  stm32f4xx_hal_adc.o(.text.HAL_ADC_Init)
    [Anonymous Symbol]                       0x08000d14   Section        0  stm32f4xx_hal_msp.o(.text.HAL_ADC_MspInit)
    __arm_cp.1_2                             0x08000dd4   Number         4  stm32f4xx_hal_msp.o(.text.HAL_ADC_MspInit)
    __arm_cp.1_3                             0x08000dd8   Number         4  stm32f4xx_hal_msp.o(.text.HAL_ADC_MspInit)
    [Anonymous Symbol]                       0x08000ddc   Section        0  stm32f4xx_hal_adc.o(.text.HAL_ADC_Start_DMA)
    __arm_cp.14_0                            0x08000eec   Number         4  stm32f4xx_hal_adc.o(.text.HAL_ADC_Start_DMA)
    __arm_cp.14_1                            0x08000ef0   Number         4  stm32f4xx_hal_adc.o(.text.HAL_ADC_Start_DMA)
    __arm_cp.14_2                            0x08000ef4   Number         4  stm32f4xx_hal_adc.o(.text.HAL_ADC_Start_DMA)
    __arm_cp.14_3                            0x08000ef8   Number         4  stm32f4xx_hal_adc.o(.text.HAL_ADC_Start_DMA)
    __arm_cp.14_4                            0x08000efc   Number         4  stm32f4xx_hal_adc.o(.text.HAL_ADC_Start_DMA)
    __arm_cp.14_5                            0x08000f00   Number         4  stm32f4xx_hal_adc.o(.text.HAL_ADC_Start_DMA)
    __arm_cp.14_6                            0x08000f04   Number         4  stm32f4xx_hal_adc.o(.text.HAL_ADC_Start_DMA)
    __arm_cp.14_7                            0x08000f08   Number         4  stm32f4xx_hal_adc.o(.text.HAL_ADC_Start_DMA)
    [Anonymous Symbol]                       0x08000f0c   Section        0  stm32f4xx_hal_dac_ex.o(.text.HAL_DACEx_ConvCpltCallbackCh2)
    [Anonymous Symbol]                       0x08000f0e   Section        0  stm32f4xx_hal_dac_ex.o(.text.HAL_DACEx_ConvHalfCpltCallbackCh2)
    [Anonymous Symbol]                       0x08000f10   Section        0  stm32f4xx_hal_dac_ex.o(.text.HAL_DACEx_ErrorCallbackCh2)
    [Anonymous Symbol]                       0x08000f12   Section        0  stm32f4xx_hal_dac.o(.text.HAL_DAC_ConfigChannel)
    [Anonymous Symbol]                       0x08000f66   Section        0  stm32f4xx_hal_dac.o(.text.HAL_DAC_ConvCpltCallbackCh1)
    [Anonymous Symbol]                       0x08000f68   Section        0  stm32f4xx_hal_dac.o(.text.HAL_DAC_ConvHalfCpltCallbackCh1)
    [Anonymous Symbol]                       0x08000f6a   Section        0  stm32f4xx_hal_dac.o(.text.HAL_DAC_ErrorCallbackCh1)
    [Anonymous Symbol]                       0x08000f6c   Section        0  stm32f4xx_hal_dac.o(.text.HAL_DAC_Init)
    [Anonymous Symbol]                       0x08000f94   Section        0  stm32f4xx_hal_msp.o(.text.HAL_DAC_MspInit)
    __arm_cp.3_0                             0x08000ff0   Number         4  stm32f4xx_hal_msp.o(.text.HAL_DAC_MspInit)
    __arm_cp.3_1                             0x08000ff4   Number         4  stm32f4xx_hal_msp.o(.text.HAL_DAC_MspInit)
    [Anonymous Symbol]                       0x08000ff8   Section        0  stm32f4xx_hal_dac.o(.text.HAL_DAC_Start_DMA)
    __arm_cp.6_0                             0x080010c0   Number         4  stm32f4xx_hal_dac.o(.text.HAL_DAC_Start_DMA)
    __arm_cp.6_1                             0x080010c4   Number         4  stm32f4xx_hal_dac.o(.text.HAL_DAC_Start_DMA)
    __arm_cp.6_2                             0x080010c8   Number         4  stm32f4xx_hal_dac.o(.text.HAL_DAC_Start_DMA)
    __arm_cp.6_3                             0x080010cc   Number         4  stm32f4xx_hal_dac.o(.text.HAL_DAC_Start_DMA)
    __arm_cp.6_4                             0x080010d0   Number         4  stm32f4xx_hal_dac.o(.text.HAL_DAC_Start_DMA)
    __arm_cp.6_5                             0x080010d4   Number         4  stm32f4xx_hal_dac.o(.text.HAL_DAC_Start_DMA)
    [Anonymous Symbol]                       0x080010d8   Section        0  stm32f4xx_hal_dma.o(.text.HAL_DMA_Init)
    __arm_cp.0_0                             0x080011fc   Number         4  stm32f4xx_hal_dma.o(.text.HAL_DMA_Init)
    [Anonymous Symbol]                       0x08001200   Section        0  stm32f4xx_hal_dma.o(.text.HAL_DMA_Start)
    [Anonymous Symbol]                       0x08001242   Section        0  stm32f4xx_hal_dma.o(.text.HAL_DMA_Start_IT)
    [Anonymous Symbol]                       0x080012ac   Section        0  stm32f4xx_hal.o(.text.HAL_Delay)
    [Anonymous Symbol]                       0x080012cc   Section        0  stm32f4xx_hal_gpio.o(.text.HAL_GPIO_Init)
    __arm_cp.0_0                             0x08001440   Number         4  stm32f4xx_hal_gpio.o(.text.HAL_GPIO_Init)
    __arm_cp.0_1                             0x08001444   Number         4  stm32f4xx_hal_gpio.o(.text.HAL_GPIO_Init)
    __arm_cp.0_2                             0x08001448   Number         4  stm32f4xx_hal_gpio.o(.text.HAL_GPIO_Init)
    __arm_cp.0_3                             0x0800144c   Number         4  stm32f4xx_hal_gpio.o(.text.HAL_GPIO_Init)
    __arm_cp.0_4                             0x08001450   Number         4  stm32f4xx_hal_gpio.o(.text.HAL_GPIO_Init)
    __arm_cp.0_5                             0x08001454   Number         4  stm32f4xx_hal_gpio.o(.text.HAL_GPIO_Init)
    [Anonymous Symbol]                       0x08001458   Section        0  stm32f4xx_hal_gpio.o(.text.HAL_GPIO_WritePin)
    [Anonymous Symbol]                       0x08001464   Section        0  stm32f4xx_hal.o(.text.HAL_GetTick)
    [Anonymous Symbol]                       0x0800146c   Section        0  stm32f4xx_hal.o(.text.HAL_IncTick)
    __arm_cp.5_1                             0x0800147c   Number         4  stm32f4xx_hal.o(.text.HAL_IncTick)
    [Anonymous Symbol]                       0x08001480   Section        0  stm32f4xx_hal.o(.text.HAL_Init)
    __arm_cp.0_0                             0x080014b0   Number         4  stm32f4xx_hal.o(.text.HAL_Init)
    [Anonymous Symbol]                       0x080014b4   Section        0  stm32f4xx_hal.o(.text.HAL_InitTick)
    __arm_cp.1_0                             0x080014ec   Number         4  stm32f4xx_hal.o(.text.HAL_InitTick)
    [Anonymous Symbol]                       0x080014f0   Section        0  stm32f4xx_hal_msp.o(.text.HAL_MspInit)
    __arm_cp.0_0                             0x08001528   Number         4  stm32f4xx_hal_msp.o(.text.HAL_MspInit)
    [Anonymous Symbol]                       0x0800152c   Section        0  stm32f4xx_hal_cortex.o(.text.HAL_NVIC_EnableIRQ)
    __arm_cp.3_0                             0x08001544   Number         4  stm32f4xx_hal_cortex.o(.text.HAL_NVIC_EnableIRQ)
    [Anonymous Symbol]                       0x08001548   Section        0  stm32f4xx_hal_cortex.o(.text.HAL_NVIC_SetPriority)
    [Anonymous Symbol]                       0x08001584   Section        0  stm32f4xx_hal_cortex.o(.text.HAL_NVIC_SetPriorityGrouping)
    __arm_cp.0_0                             0x0800159c   Number         4  stm32f4xx_hal_cortex.o(.text.HAL_NVIC_SetPriorityGrouping)
    __arm_cp.0_1                             0x080015a0   Number         4  stm32f4xx_hal_cortex.o(.text.HAL_NVIC_SetPriorityGrouping)
    [Anonymous Symbol]                       0x080015a4   Section        0  stm32f4xx_hal_rcc.o(.text.HAL_RCC_ClockConfig)
    __arm_cp.2_0                             0x080016bc   Number         4  stm32f4xx_hal_rcc.o(.text.HAL_RCC_ClockConfig)
    __arm_cp.2_1                             0x080016c0   Number         4  stm32f4xx_hal_rcc.o(.text.HAL_RCC_ClockConfig)
    [Anonymous Symbol]                       0x080016c4   Section        0  stm32f4xx_hal_rcc.o(.text.HAL_RCC_GetPCLK1Freq)
    [Anonymous Symbol]                       0x080016d8   Section        0  stm32f4xx_hal_rcc.o(.text.HAL_RCC_GetPCLK2Freq)
    __arm_cp.9_0                             0x080016ec   Number         4  stm32f4xx_hal_rcc.o(.text.HAL_RCC_GetPCLK2Freq)
    __arm_cp.9_1                             0x080016f0   Number         4  stm32f4xx_hal_rcc.o(.text.HAL_RCC_GetPCLK2Freq)
    __arm_cp.9_2                             0x080016f4   Number         4  stm32f4xx_hal_rcc.o(.text.HAL_RCC_GetPCLK2Freq)
    [Anonymous Symbol]                       0x080016f8   Section        0  stm32f4xx_hal_rcc_ex.o(.text.HAL_RCC_GetSysClockFreq)
    __arm_cp.8_0                             0x0800177c   Number         4  stm32f4xx_hal_rcc_ex.o(.text.HAL_RCC_GetSysClockFreq)
    __arm_cp.8_1                             0x08001780   Number         4  stm32f4xx_hal_rcc_ex.o(.text.HAL_RCC_GetSysClockFreq)
    __arm_cp.8_2                             0x08001784   Number         4  stm32f4xx_hal_rcc_ex.o(.text.HAL_RCC_GetSysClockFreq)
    [Anonymous Symbol]                       0x08001788   Section        0  stm32f4xx_hal_rcc_ex.o(.text.HAL_RCC_OscConfig)
    __arm_cp.10_0                            0x08001a78   Number         4  stm32f4xx_hal_rcc_ex.o(.text.HAL_RCC_OscConfig)
    __arm_cp.10_1                            0x08001a7c   Number         4  stm32f4xx_hal_rcc_ex.o(.text.HAL_RCC_OscConfig)
    __arm_cp.10_2                            0x08001a80   Number         4  stm32f4xx_hal_rcc_ex.o(.text.HAL_RCC_OscConfig)
    [Anonymous Symbol]                       0x08001a84   Section        0  stm32f4xx_hal_cortex.o(.text.HAL_SYSTICK_Config)
    __arm_cp.7_0                             0x08001aa4   Number         4  stm32f4xx_hal_cortex.o(.text.HAL_SYSTICK_Config)
    __arm_cp.7_1                             0x08001aa8   Number         4  stm32f4xx_hal_cortex.o(.text.HAL_SYSTICK_Config)
    [Anonymous Symbol]                       0x08001aac   Section        0  stm32f4xx_hal_tim_ex.o(.text.HAL_TIMEx_BreakCallback)
    [Anonymous Symbol]                       0x08001aae   Section        0  stm32f4xx_hal_tim_ex.o(.text.HAL_TIMEx_CommutCallback)
    [Anonymous Symbol]                       0x08001ab0   Section        0  stm32f4xx_hal_tim_ex.o(.text.HAL_TIMEx_MasterConfigSynchronization)
    [Anonymous Symbol]                       0x08001af2   Section        0  stm32f4xx_hal_tim.o(.text.HAL_TIM_Base_Init)
    [Anonymous Symbol]                       0x08001b28   Section        0  stm32f4xx_hal_msp.o(.text.HAL_TIM_Base_MspInit)
    __arm_cp.7_0                             0x08001b60   Number         4  stm32f4xx_hal_msp.o(.text.HAL_TIM_Base_MspInit)
    __arm_cp.7_1                             0x08001b64   Number         4  stm32f4xx_hal_msp.o(.text.HAL_TIM_Base_MspInit)
    [Anonymous Symbol]                       0x08001b68   Section        0  stm32f4xx_hal_tim.o(.text.HAL_TIM_Base_Start)
    [Anonymous Symbol]                       0x08001b8c   Section        0  stm32f4xx_hal_tim.o(.text.HAL_TIM_ConfigClockSource)
    [Anonymous Symbol]                       0x08001c9c   Section        0  stm32f4xx_hal_tim.o(.text.HAL_TIM_IC_CaptureCallback)
    [Anonymous Symbol]                       0x08001c9e   Section        0  stm32f4xx_hal_tim.o(.text.HAL_TIM_IRQHandler)
    [Anonymous Symbol]                       0x08001e08   Section        0  stm32f4xx_hal_tim.o(.text.HAL_TIM_OC_DelayElapsedCallback)
    [Anonymous Symbol]                       0x08001e0a   Section        0  stm32f4xx_hal_tim.o(.text.HAL_TIM_PWM_PulseFinishedCallback)
    [Anonymous Symbol]                       0x08001e0c   Section        0  main.o(.text.HAL_TIM_PeriodElapsedCallback)
    [Anonymous Symbol]                       0x08001e0e   Section        0  stm32f4xx_hal_tim.o(.text.HAL_TIM_TriggerCallback)
    [Anonymous Symbol]                       0x08001e10   Section        0  stm32f4xx_hal_uart.o(.text.HAL_UART_Init)
    [Anonymous Symbol]                       0x08001e6c   Section        0  stm32f4xx_hal_msp.o(.text.HAL_UART_MspInit)
    __arm_cp.5_0                             0x08001f18   Number         4  stm32f4xx_hal_msp.o(.text.HAL_UART_MspInit)
    __arm_cp.5_1                             0x08001f1c   Number         4  stm32f4xx_hal_msp.o(.text.HAL_UART_MspInit)
    __arm_cp.5_3                             0x08001f20   Number         4  stm32f4xx_hal_msp.o(.text.HAL_UART_MspInit)
    [Anonymous Symbol]                       0x08001f24   Section        0  stm32f4xx_hal_uart.o(.text.HAL_UART_Transmit)
    [Anonymous Symbol]                       0x08001fd2   Section        0  stm32f4xx_it.o(.text.HardFault_Handler)
    [Anonymous Symbol]                       0x08001fd4   Section        0  hw_gpu35c.o(.text.LCD_Clear)
    __arm_cp.2_0                             0x08001ff8   Number         4  hw_gpu35c.o(.text.LCD_Clear)
    [Anonymous Symbol]                       0x08002030   Section        0  hw_gpu35c.o(.text.LCD_Initialize)
    __arm_cp.1_0                             0x08002038   Number         4  hw_gpu35c.o(.text.LCD_Initialize)
    [Anonymous Symbol]                       0x0800203c   Section        0  hw_gpu35c.o(.text.LCD_PlotInit)
    [Anonymous Symbol]                       0x0800205c   Section        0  hw_gpu35c.o(.text.LCD_PrintChar)
    __arm_cp.3_0                             0x08002078   Number         4  hw_gpu35c.o(.text.LCD_PrintChar)
    [Anonymous Symbol]                       0x08002094   Section        0  hw_gpu35c.o(.text.LCD_PrintFloat)
    __arm_cp.5_0                             0x080020c4   Number         4  hw_gpu35c.o(.text.LCD_PrintFloat)
    [Anonymous Symbol]                       0x080020e4   Section        0  initial.o(.text.MX_ADC1_Init)
    __arm_cp.1_0                             0x08002164   Number         4  initial.o(.text.MX_ADC1_Init)
    __arm_cp.1_1                             0x08002168   Number         4  initial.o(.text.MX_ADC1_Init)
    __arm_cp.1_2                             0x0800216c   Number         4  initial.o(.text.MX_ADC1_Init)
    [Anonymous Symbol]                       0x08002170   Section        0  initial.o(.text.MX_DAC_Init)
    __arm_cp.2_0                             0x080021b4   Number         4  initial.o(.text.MX_DAC_Init)
    __arm_cp.2_1                             0x080021b8   Number         4  initial.o(.text.MX_DAC_Init)
    [Anonymous Symbol]                       0x080021bc   Section        0  initial.o(.text.MX_DMA_Init)
    __arm_cp.3_0                             0x08002238   Number         4  initial.o(.text.MX_DMA_Init)
    __arm_cp.3_1                             0x0800223c   Number         4  initial.o(.text.MX_DMA_Init)
    __arm_cp.3_2                             0x08002240   Number         4  initial.o(.text.MX_DMA_Init)
    __arm_cp.3_3                             0x08002244   Number         4  initial.o(.text.MX_DMA_Init)
    __arm_cp.3_4                             0x08002248   Number         4  initial.o(.text.MX_DMA_Init)
    [Anonymous Symbol]                       0x0800224c   Section        0  initial.o(.text.MX_GPIO_Init)
    __arm_cp.9_0                             0x08002324   Number         4  initial.o(.text.MX_GPIO_Init)
    __arm_cp.9_1                             0x08002328   Number         4  initial.o(.text.MX_GPIO_Init)
    __arm_cp.9_2                             0x0800232c   Number         4  initial.o(.text.MX_GPIO_Init)
    __arm_cp.9_3                             0x08002330   Number         4  initial.o(.text.MX_GPIO_Init)
    __arm_cp.9_4                             0x08002334   Number         4  initial.o(.text.MX_GPIO_Init)
    [Anonymous Symbol]                       0x08002338   Section        0  initial.o(.text.MX_TIM2_Config)
    [Anonymous Symbol]                       0x080023c0   Section        0  initial.o(.text.MX_TIM3_Config)
    __arm_cp.5_0                             0x08002448   Number         4  initial.o(.text.MX_TIM3_Config)
    __arm_cp.5_2                             0x0800244c   Number         4  initial.o(.text.MX_TIM3_Config)
    __arm_cp.5_3                             0x08002450   Number         4  initial.o(.text.MX_TIM3_Config)
    [Anonymous Symbol]                       0x08002454   Section        0  initial.o(.text.MX_TIM4_Config)
    __arm_cp.6_0                             0x080024dc   Number         4  initial.o(.text.MX_TIM4_Config)
    __arm_cp.6_1                             0x080024e0   Number         4  initial.o(.text.MX_TIM4_Config)
    __arm_cp.6_2                             0x080024e4   Number         4  initial.o(.text.MX_TIM4_Config)
    [Anonymous Symbol]                       0x080024e8   Section        0  initial.o(.text.MX_USART1_UART_Init)
    __arm_cp.7_0                             0x08002518   Number         4  initial.o(.text.MX_USART1_UART_Init)
    __arm_cp.7_1                             0x0800251c   Number         4  initial.o(.text.MX_USART1_UART_Init)
    [Anonymous Symbol]                       0x08002520   Section        0  stm32f4xx_it.o(.text.MemManage_Handler)
    [Anonymous Symbol]                       0x08002522   Section        0  stm32f4xx_it.o(.text.NMI_Handler)
    [Anonymous Symbol]                       0x08002524   Section        0  stm32f4xx_it.o(.text.PendSV_Handler)
    [Anonymous Symbol]                       0x08002528   Section        0  main.o(.text.ResultDisplay)
    __arm_cp.4_0                             0x080025b0   Number         4  main.o(.text.ResultDisplay)
    __arm_cp.4_2                             0x080025bc   Number         4  main.o(.text.ResultDisplay)
    __arm_cp.4_3                             0x080025c0   Number         4  main.o(.text.ResultDisplay)
    __arm_cp.4_4                             0x080025c4   Number         4  main.o(.text.ResultDisplay)
    __arm_cp.4_5                             0x080025c8   Number         4  main.o(.text.ResultDisplay)
    [Anonymous Symbol]                       0x080025e0   Section        0  main.o(.text.Result_CalValue)
    __arm_cp.3_0                             0x08002634   Number         4  main.o(.text.Result_CalValue)
    [Anonymous Symbol]                       0x08002640   Section        0  stm32f4xx_it.o(.text.SVC_Handler)
    [Anonymous Symbol]                       0x08002648   Section        0  main.o(.text.Signal_Process)
    __arm_cp.2_0                             0x08002870   Number         4  main.o(.text.Signal_Process)
    __arm_cp.2_1                             0x08002874   Number         4  main.o(.text.Signal_Process)
    __arm_cp.2_6                             0x08002878   Number         4  main.o(.text.Signal_Process)
    __arm_cp.2_7                             0x0800287c   Number         4  main.o(.text.Signal_Process)
    __arm_cp.2_8                             0x08002880   Number         4  main.o(.text.Signal_Process)
    [Anonymous Symbol]                       0x08002888   Section        0  main.o(.text.Sine_CalValue)
    [Anonymous Symbol]                       0x08002960   Section        0  stm32f4xx_it.o(.text.SysTick_Handler)
    [Anonymous Symbol]                       0x08002964   Section        0  initial.o(.text.SystemClock_Config)
    __arm_cp.0_0                             0x080029f8   Number         4  initial.o(.text.SystemClock_Config)
    __arm_cp.0_1                             0x080029fc   Number         4  initial.o(.text.SystemClock_Config)
    [Anonymous Symbol]                       0x08002a00   Section        0  system_stm32f4xx.o(.text.SystemInit)
    __arm_cp.0_0                             0x08002a3c   Number         4  system_stm32f4xx.o(.text.SystemInit)
    __arm_cp.0_1                             0x08002a40   Number         4  system_stm32f4xx.o(.text.SystemInit)
    __arm_cp.0_2                             0x08002a44   Number         4  system_stm32f4xx.o(.text.SystemInit)
    __arm_cp.0_3                             0x08002a48   Number         4  system_stm32f4xx.o(.text.SystemInit)
    [Anonymous Symbol]                       0x08002a4c   Section        0  stm32f4xx_it.o(.text.TIM4_IRQHandler)
    __arm_cp.10_0                            0x08002a60   Number         4  stm32f4xx_it.o(.text.TIM4_IRQHandler)
    [Anonymous Symbol]                       0x08002a64   Section        0  stm32f4xx_hal_tim.o(.text.TIM_Base_SetConfig)
    __arm_cp.2_0                             0x08002b08   Number         4  stm32f4xx_hal_tim.o(.text.TIM_Base_SetConfig)
    __arm_cp.2_1                             0x08002b0c   Number         4  stm32f4xx_hal_tim.o(.text.TIM_Base_SetConfig)
    __arm_cp.2_2                             0x08002b10   Number         4  stm32f4xx_hal_tim.o(.text.TIM_Base_SetConfig)
    __arm_cp.2_3                             0x08002b14   Number         4  stm32f4xx_hal_tim.o(.text.TIM_Base_SetConfig)
    __arm_cp.2_4                             0x08002b18   Number         4  stm32f4xx_hal_tim.o(.text.TIM_Base_SetConfig)
    __arm_cp.2_5                             0x08002b1c   Number         4  stm32f4xx_hal_tim.o(.text.TIM_Base_SetConfig)
    __arm_cp.2_6                             0x08002b20   Number         4  stm32f4xx_hal_tim.o(.text.TIM_Base_SetConfig)
    __arm_cp.2_7                             0x08002b24   Number         4  stm32f4xx_hal_tim.o(.text.TIM_Base_SetConfig)
    __arm_cp.2_8                             0x08002b28   Number         4  stm32f4xx_hal_tim.o(.text.TIM_Base_SetConfig)
    __arm_cp.2_9                             0x08002b2c   Number         4  stm32f4xx_hal_tim.o(.text.TIM_Base_SetConfig)
    __arm_cp.2_10                            0x08002b30   Number         4  stm32f4xx_hal_tim.o(.text.TIM_Base_SetConfig)
    TIM_TI1_ConfigInputStage                 0x08002b35   Thumb Code    34  stm32f4xx_hal_tim.o(.text.TIM_TI1_ConfigInputStage)
    [Anonymous Symbol]                       0x08002b34   Section        0  stm32f4xx_hal_tim.o(.text.TIM_TI1_ConfigInputStage)
    TIM_TI2_ConfigInputStage                 0x08002b57   Thumb Code    34  stm32f4xx_hal_tim.o(.text.TIM_TI2_ConfigInputStage)
    [Anonymous Symbol]                       0x08002b56   Section        0  stm32f4xx_hal_tim.o(.text.TIM_TI2_ConfigInputStage)
    UART_SetConfig                           0x08002b79   Thumb Code   380  stm32f4xx_hal_uart.o(.text.UART_SetConfig)
    [Anonymous Symbol]                       0x08002b78   Section        0  stm32f4xx_hal_uart.o(.text.UART_SetConfig)
    __arm_cp.2_0                             0x08002ce8   Number         4  stm32f4xx_hal_uart.o(.text.UART_SetConfig)
    __arm_cp.2_1                             0x08002cec   Number         4  stm32f4xx_hal_uart.o(.text.UART_SetConfig)
    __arm_cp.2_2                             0x08002cf0   Number         4  stm32f4xx_hal_uart.o(.text.UART_SetConfig)
    UART_WaitOnFlagUntilTimeout              0x08002cf5   Thumb Code    88  stm32f4xx_hal_uart.o(.text.UART_WaitOnFlagUntilTimeout)
    [Anonymous Symbol]                       0x08002cf4   Section        0  stm32f4xx_hal_uart.o(.text.UART_WaitOnFlagUntilTimeout)
    [Anonymous Symbol]                       0x08002d4c   Section        0  stm32f4xx_it.o(.text.USART2_IRQHandler)
    [Anonymous Symbol]                       0x08002d4e   Section        0  stm32f4xx_it.o(.text.UsageFault_Handler)
    [Anonymous Symbol]                       0x08002d50   Section        0  sw_virtual_oscilloscope.o(.text.VOSC_SendTwo_uint16)
    __arm_cp.1_0                             0x08002dbc   Number         4  sw_virtual_oscilloscope.o(.text.VOSC_SendTwo_uint16)
    __arm_cp.1_1                             0x08002dc0   Number         4  sw_virtual_oscilloscope.o(.text.VOSC_SendTwo_uint16)
    __NVIC_SetPriority                       0x08002dc5   Thumb Code    36  stm32f4xx_hal_cortex.o(.text.__NVIC_SetPriority)
    [Anonymous Symbol]                       0x08002dc4   Section        0  stm32f4xx_hal_cortex.o(.text.__NVIC_SetPriority)
    __arm_cp.2_0                             0x08002de0   Number         4  stm32f4xx_hal_cortex.o(.text.__NVIC_SetPriority)
    __arm_cp.2_1                             0x08002de4   Number         4  stm32f4xx_hal_cortex.o(.text.__NVIC_SetPriority)
    [Anonymous Symbol]                       0x08002de8   Section        0  initial.o(.text.fputc)
    [Anonymous Symbol]                       0x08002e00   Section        0  main.o(.text.main)
    __arm_cp.0_0                             0x08002f08   Number         4  main.o(.text.main)
    __arm_cp.0_2                             0x08002f14   Number         4  main.o(.text.main)
    __arm_cp.0_3                             0x08002f18   Number         4  main.o(.text.main)
    __arm_cp.0_4                             0x08002f1c   Number         4  main.o(.text.main)
    __arm_cp.0_5                             0x08002f20   Number         4  main.o(.text.main)
    __arm_cp.0_9                             0x08002f28   Number         4  main.o(.text.main)
    i.__0printf                              0x08002f2c   Section        0  printfa.o(i.__0printf)
    i.__0sprintf                             0x08002f4c   Section        0  printfa.o(i.__0sprintf)
    i.__scatterload_copy                     0x08002f74   Section       14  handlers.o(i.__scatterload_copy)
    i.__scatterload_null                     0x08002f82   Section        2  handlers.o(i.__scatterload_null)
    i.__scatterload_zeroinit                 0x08002f84   Section       14  handlers.o(i.__scatterload_zeroinit)
    _fp_digits                               0x08002f95   Thumb Code   366  printfa.o(i._fp_digits)
    i._fp_digits                             0x08002f94   Section        0  printfa.o(i._fp_digits)
    _printf_core                             0x08003119   Thumb Code  1744  printfa.o(i._printf_core)
    i._printf_core                           0x08003118   Section        0  printfa.o(i._printf_core)
    _printf_post_padding                     0x080037f5   Thumb Code    36  printfa.o(i._printf_post_padding)
    i._printf_post_padding                   0x080037f4   Section        0  printfa.o(i._printf_post_padding)
    _printf_pre_padding                      0x08003819   Thumb Code    46  printfa.o(i._printf_pre_padding)
    i._printf_pre_padding                    0x08003818   Section        0  printfa.o(i._printf_pre_padding)
    _sputc                                   0x08003847   Thumb Code    10  printfa.o(i._sputc)
    i._sputc                                 0x08003846   Section        0  printfa.o(i._sputc)
    i.puts                                   0x08003850   Section        0  puts.o(i.puts)
    .constdata                               0x08003874   Section     2052  arm_common_tables.o(.constdata)
    .L.str.2                                 0x08004090   Data           5  main.o(.rodata.str1.1)
    [Anonymous Symbol]                       0x08004090   Section        0  main.o(.rodata.str1.1)
    .L.str.8                                 0x08004095   Data           7  hw_gpu35c.o(.rodata.str1.1)
    .Lstr                                    0x08004095   Data          89  hw_gpu35c.o(.rodata.str1.1)
    [Anonymous Symbol]                       0x08004095   Section        0  hw_gpu35c.o(.rodata.str1.1)
    .data                                    0x20000000   Section        4  stdout.o(.data)
    [Anonymous Symbol]                       0x20000004   Section        0  sw_virtual_oscilloscope.o(.data..L_MergedGlobals)
    [Anonymous Symbol]                       0x20000008   Section        0  stm32f4xx_hal.o(.data..L_MergedGlobals)
    [Anonymous Symbol]                       0x20000028   Section        0  main.o(.bss..L_MergedGlobals)
    STACK                                    0x20000828   Section     1024  startup_stm32f446xx.o(STACK)

    Global Symbols

    Symbol Name                              Value     Ov Type        Size  Object(Section)

    BuildAttributes$$THM_ISAv4$E$P$D$K$B$S$7EM$VFPi3$EXTD16$VFPS$VFMA$PE$A:L22UL41UL21$X:L11$S22US41US21$IEEE1$IW$~IW$USESV6$~STKCKD$USESV7$~SHL$OTIME$ROPI$IEEEX$EBA8$MICROLIB$REQ8$PRES8$EABIv2 0x00000000   Number         0  anon$$obj.o ABSOLUTE
    _printf_a                                0x00000000   Number         0  stubs.o ABSOLUTE
    _printf_c                                0x00000000   Number         0  stubs.o ABSOLUTE
    _printf_charcount                        0x00000000   Number         0  stubs.o ABSOLUTE
    _printf_d                                0x00000000   Number         0  stubs.o ABSOLUTE
    _printf_e                                0x00000000   Number         0  stubs.o ABSOLUTE
    _printf_f                                0x00000000   Number         0  stubs.o ABSOLUTE
    _printf_flags                            0x00000000   Number         0  stubs.o ABSOLUTE
    _printf_fp_dec                           0x00000000   Number         0  stubs.o ABSOLUTE
    _printf_fp_hex                           0x00000000   Number         0  stubs.o ABSOLUTE
    _printf_g                                0x00000000   Number         0  stubs.o ABSOLUTE
    _printf_i                                0x00000000   Number         0  stubs.o ABSOLUTE
    _printf_int_dec                          0x00000000   Number         0  stubs.o ABSOLUTE
    _printf_l                                0x00000000   Number         0  stubs.o ABSOLUTE
    _printf_lc                               0x00000000   Number         0  stubs.o ABSOLUTE
    _printf_ll                               0x00000000   Number         0  stubs.o ABSOLUTE
    _printf_lld                              0x00000000   Number         0  stubs.o ABSOLUTE
    _printf_lli                              0x00000000   Number         0  stubs.o ABSOLUTE
    _printf_llo                              0x00000000   Number         0  stubs.o ABSOLUTE
    _printf_llu                              0x00000000   Number         0  stubs.o ABSOLUTE
    _printf_llx                              0x00000000   Number         0  stubs.o ABSOLUTE
    _printf_longlong_dec                     0x00000000   Number         0  stubs.o ABSOLUTE
    _printf_longlong_hex                     0x00000000   Number         0  stubs.o ABSOLUTE
    _printf_longlong_oct                     0x00000000   Number         0  stubs.o ABSOLUTE
    _printf_ls                               0x00000000   Number         0  stubs.o ABSOLUTE
    _printf_mbtowc                           0x00000000   Number         0  stubs.o ABSOLUTE
    _printf_n                                0x00000000   Number         0  stubs.o ABSOLUTE
    _printf_o                                0x00000000   Number         0  stubs.o ABSOLUTE
    _printf_p                                0x00000000   Number         0  stubs.o ABSOLUTE
    _printf_percent                          0x00000000   Number         0  stubs.o ABSOLUTE
    _printf_pre_padding                      0x00000000   Number         0  stubs.o ABSOLUTE
    _printf_return_value                     0x00000000   Number         0  stubs.o ABSOLUTE
    _printf_s                                0x00000000   Number         0  stubs.o ABSOLUTE
    _printf_sizespec                         0x00000000   Number         0  stubs.o ABSOLUTE
    _printf_str                              0x00000000   Number         0  stubs.o ABSOLUTE
    _printf_truncate_signed                  0x00000000   Number         0  stubs.o ABSOLUTE
    _printf_truncate_unsigned                0x00000000   Number         0  stubs.o ABSOLUTE
    _printf_u                                0x00000000   Number         0  stubs.o ABSOLUTE
    _printf_wc                               0x00000000   Number         0  stubs.o ABSOLUTE
    _printf_wctomb                           0x00000000   Number         0  stubs.o ABSOLUTE
    _printf_widthprec                        0x00000000   Number         0  stubs.o ABSOLUTE
    _printf_x                                0x00000000   Number         0  stubs.o ABSOLUTE
    __cpp_initialize__aeabi_                  - Undefined Weak Reference
    __cxa_finalize                            - Undefined Weak Reference
    __decompress                              - Undefined Weak Reference
    _clock_init                               - Undefined Weak Reference
    _microlib_exit                            - Undefined Weak Reference
    __Vectors_Size                           0x000001c4   Number         0  startup_stm32f446xx.o ABSOLUTE
    __Vectors                                0x08000000   Data           4  startup_stm32f446xx.o(RESET)
    __Vectors_End                            0x080001c4   Data           0  startup_stm32f446xx.o(RESET)
    __main                                   0x080001c5   Thumb Code     0  entry.o(.ARM.Collect$$$$00000000)
    _main_stk                                0x080001c5   Thumb Code     0  entry2.o(.ARM.Collect$$$$00000001)
    _main_scatterload                        0x080001c9   Thumb Code     0  entry5.o(.ARM.Collect$$$$00000004)
    __main_after_scatterload                 0x080001cd   Thumb Code     0  entry5.o(.ARM.Collect$$$$00000004)
    _main_clock                              0x080001cd   Thumb Code     0  entry7b.o(.ARM.Collect$$$$00000008)
    _main_cpp_init                           0x080001cd   Thumb Code     0  entry8b.o(.ARM.Collect$$$$0000000A)
    _main_init                               0x080001cd   Thumb Code     0  entry9a.o(.ARM.Collect$$$$0000000B)
    __rt_final_cpp                           0x080001d5   Thumb Code     0  entry10a.o(.ARM.Collect$$$$0000000D)
    __rt_final_exit                          0x080001d5   Thumb Code     0  entry11a.o(.ARM.Collect$$$$0000000F)
    Reset_Handler                            0x080001d9   Thumb Code     8  startup_stm32f446xx.o(.text)
    ADC_IRQHandler                           0x080001f3   Thumb Code     0  startup_stm32f446xx.o(.text)
    CAN1_RX0_IRQHandler                      0x080001f3   Thumb Code     0  startup_stm32f446xx.o(.text)
    CAN1_RX1_IRQHandler                      0x080001f3   Thumb Code     0  startup_stm32f446xx.o(.text)
    CAN1_SCE_IRQHandler                      0x080001f3   Thumb Code     0  startup_stm32f446xx.o(.text)
    CAN1_TX_IRQHandler                       0x080001f3   Thumb Code     0  startup_stm32f446xx.o(.text)
    CAN2_RX0_IRQHandler                      0x080001f3   Thumb Code     0  startup_stm32f446xx.o(.text)
    CAN2_RX1_IRQHandler                      0x080001f3   Thumb Code     0  startup_stm32f446xx.o(.text)
    CAN2_SCE_IRQHandler                      0x080001f3   Thumb Code     0  startup_stm32f446xx.o(.text)
    CAN2_TX_IRQHandler                       0x080001f3   Thumb Code     0  startup_stm32f446xx.o(.text)
    CEC_IRQHandler                           0x080001f3   Thumb Code     0  startup_stm32f446xx.o(.text)
    DCMI_IRQHandler                          0x080001f3   Thumb Code     0  startup_stm32f446xx.o(.text)
    DMA1_Stream0_IRQHandler                  0x080001f3   Thumb Code     0  startup_stm32f446xx.o(.text)
    DMA1_Stream1_IRQHandler                  0x080001f3   Thumb Code     0  startup_stm32f446xx.o(.text)
    DMA1_Stream2_IRQHandler                  0x080001f3   Thumb Code     0  startup_stm32f446xx.o(.text)
    DMA1_Stream3_IRQHandler                  0x080001f3   Thumb Code     0  startup_stm32f446xx.o(.text)
    DMA1_Stream4_IRQHandler                  0x080001f3   Thumb Code     0  startup_stm32f446xx.o(.text)
    DMA1_Stream5_IRQHandler                  0x080001f3   Thumb Code     0  startup_stm32f446xx.o(.text)
    DMA1_Stream6_IRQHandler                  0x080001f3   Thumb Code     0  startup_stm32f446xx.o(.text)
    DMA1_Stream7_IRQHandler                  0x080001f3   Thumb Code     0  startup_stm32f446xx.o(.text)
    DMA2_Stream0_IRQHandler                  0x080001f3   Thumb Code     0  startup_stm32f446xx.o(.text)
    DMA2_Stream1_IRQHandler                  0x080001f3   Thumb Code     0  startup_stm32f446xx.o(.text)
    DMA2_Stream2_IRQHandler                  0x080001f3   Thumb Code     0  startup_stm32f446xx.o(.text)
    DMA2_Stream3_IRQHandler                  0x080001f3   Thumb Code     0  startup_stm32f446xx.o(.text)
    DMA2_Stream4_IRQHandler                  0x080001f3   Thumb Code     0  startup_stm32f446xx.o(.text)
    DMA2_Stream5_IRQHandler                  0x080001f3   Thumb Code     0  startup_stm32f446xx.o(.text)
    DMA2_Stream6_IRQHandler                  0x080001f3   Thumb Code     0  startup_stm32f446xx.o(.text)
    DMA2_Stream7_IRQHandler                  0x080001f3   Thumb Code     0  startup_stm32f446xx.o(.text)
    EXTI0_IRQHandler                         0x080001f3   Thumb Code     0  startup_stm32f446xx.o(.text)
    EXTI15_10_IRQHandler                     0x080001f3   Thumb Code     0  startup_stm32f446xx.o(.text)
    EXTI1_IRQHandler                         0x080001f3   Thumb Code     0  startup_stm32f446xx.o(.text)
    EXTI2_IRQHandler                         0x080001f3   Thumb Code     0  startup_stm32f446xx.o(.text)
    EXTI3_IRQHandler                         0x080001f3   Thumb Code     0  startup_stm32f446xx.o(.text)
    EXTI4_IRQHandler                         0x080001f3   Thumb Code     0  startup_stm32f446xx.o(.text)
    EXTI9_5_IRQHandler                       0x080001f3   Thumb Code     0  startup_stm32f446xx.o(.text)
    FLASH_IRQHandler                         0x080001f3   Thumb Code     0  startup_stm32f446xx.o(.text)
    FMC_IRQHandler                           0x080001f3   Thumb Code     0  startup_stm32f446xx.o(.text)
    FMPI2C1_ER_IRQHandler                    0x080001f3   Thumb Code     0  startup_stm32f446xx.o(.text)
    FMPI2C1_EV_IRQHandler                    0x080001f3   Thumb Code     0  startup_stm32f446xx.o(.text)
    FPU_IRQHandler                           0x080001f3   Thumb Code     0  startup_stm32f446xx.o(.text)
    I2C1_ER_IRQHandler                       0x080001f3   Thumb Code     0  startup_stm32f446xx.o(.text)
    I2C1_EV_IRQHandler                       0x080001f3   Thumb Code     0  startup_stm32f446xx.o(.text)
    I2C2_ER_IRQHandler                       0x080001f3   Thumb Code     0  startup_stm32f446xx.o(.text)
    I2C2_EV_IRQHandler                       0x080001f3   Thumb Code     0  startup_stm32f446xx.o(.text)
    I2C3_ER_IRQHandler                       0x080001f3   Thumb Code     0  startup_stm32f446xx.o(.text)
    I2C3_EV_IRQHandler                       0x080001f3   Thumb Code     0  startup_stm32f446xx.o(.text)
    OTG_FS_IRQHandler                        0x080001f3   Thumb Code     0  startup_stm32f446xx.o(.text)
    OTG_FS_WKUP_IRQHandler                   0x080001f3   Thumb Code     0  startup_stm32f446xx.o(.text)
    OTG_HS_EP1_IN_IRQHandler                 0x080001f3   Thumb Code     0  startup_stm32f446xx.o(.text)
    OTG_HS_EP1_OUT_IRQHandler                0x080001f3   Thumb Code     0  startup_stm32f446xx.o(.text)
    OTG_HS_IRQHandler                        0x080001f3   Thumb Code     0  startup_stm32f446xx.o(.text)
    OTG_HS_WKUP_IRQHandler                   0x080001f3   Thumb Code     0  startup_stm32f446xx.o(.text)
    PVD_IRQHandler                           0x080001f3   Thumb Code     0  startup_stm32f446xx.o(.text)
    QUADSPI_IRQHandler                       0x080001f3   Thumb Code     0  startup_stm32f446xx.o(.text)
    RCC_IRQHandler                           0x080001f3   Thumb Code     0  startup_stm32f446xx.o(.text)
    RTC_Alarm_IRQHandler                     0x080001f3   Thumb Code     0  startup_stm32f446xx.o(.text)
    RTC_WKUP_IRQHandler                      0x080001f3   Thumb Code     0  startup_stm32f446xx.o(.text)
    SAI1_IRQHandler                          0x080001f3   Thumb Code     0  startup_stm32f446xx.o(.text)
    SAI2_IRQHandler                          0x080001f3   Thumb Code     0  startup_stm32f446xx.o(.text)
    SDIO_IRQHandler                          0x080001f3   Thumb Code     0  startup_stm32f446xx.o(.text)
    SPDIF_RX_IRQHandler                      0x080001f3   Thumb Code     0  startup_stm32f446xx.o(.text)
    SPI1_IRQHandler                          0x080001f3   Thumb Code     0  startup_stm32f446xx.o(.text)
    SPI2_IRQHandler                          0x080001f3   Thumb Code     0  startup_stm32f446xx.o(.text)
    SPI3_IRQHandler                          0x080001f3   Thumb Code     0  startup_stm32f446xx.o(.text)
    SPI4_IRQHandler                          0x080001f3   Thumb Code     0  startup_stm32f446xx.o(.text)
    TAMP_STAMP_IRQHandler                    0x080001f3   Thumb Code     0  startup_stm32f446xx.o(.text)
    TIM1_BRK_TIM9_IRQHandler                 0x080001f3   Thumb Code     0  startup_stm32f446xx.o(.text)
    TIM1_CC_IRQHandler                       0x080001f3   Thumb Code     0  startup_stm32f446xx.o(.text)
    TIM1_TRG_COM_TIM11_IRQHandler            0x080001f3   Thumb Code     0  startup_stm32f446xx.o(.text)
    TIM1_UP_TIM10_IRQHandler                 0x080001f3   Thumb Code     0  startup_stm32f446xx.o(.text)
    TIM2_IRQHandler                          0x080001f3   Thumb Code     0  startup_stm32f446xx.o(.text)
    TIM3_IRQHandler                          0x080001f3   Thumb Code     0  startup_stm32f446xx.o(.text)
    TIM5_IRQHandler                          0x080001f3   Thumb Code     0  startup_stm32f446xx.o(.text)
    TIM6_DAC_IRQHandler                      0x080001f3   Thumb Code     0  startup_stm32f446xx.o(.text)
    TIM7_IRQHandler                          0x080001f3   Thumb Code     0  startup_stm32f446xx.o(.text)
    TIM8_BRK_TIM12_IRQHandler                0x080001f3   Thumb Code     0  startup_stm32f446xx.o(.text)
    TIM8_CC_IRQHandler                       0x080001f3   Thumb Code     0  startup_stm32f446xx.o(.text)
    TIM8_TRG_COM_TIM14_IRQHandler            0x080001f3   Thumb Code     0  startup_stm32f446xx.o(.text)
    TIM8_UP_TIM13_IRQHandler                 0x080001f3   Thumb Code     0  startup_stm32f446xx.o(.text)
    UART4_IRQHandler                         0x080001f3   Thumb Code     0  startup_stm32f446xx.o(.text)
    UART5_IRQHandler                         0x080001f3   Thumb Code     0  startup_stm32f446xx.o(.text)
    USART1_IRQHandler                        0x080001f3   Thumb Code     0  startup_stm32f446xx.o(.text)
    USART3_IRQHandler                        0x080001f3   Thumb Code     0  startup_stm32f446xx.o(.text)
    USART6_IRQHandler                        0x080001f3   Thumb Code     0  startup_stm32f446xx.o(.text)
    WWDG_IRQHandler                          0x080001f3   Thumb Code     0  startup_stm32f446xx.o(.text)
    arm_sin_f32                              0x080001fd   Thumb Code   130  arm_sin_f32.o(.text)
    __aeabi_uldivmod                         0x08000291   Thumb Code    98  uldiv.o(.text)
    __aeabi_memset                           0x080002f3   Thumb Code    14  memseta.o(.text)
    __aeabi_memset4                          0x080002f3   Thumb Code     0  memseta.o(.text)
    __aeabi_memset8                          0x080002f3   Thumb Code     0  memseta.o(.text)
    __aeabi_memclr                           0x08000301   Thumb Code     4  memseta.o(.text)
    __aeabi_memclr4                          0x08000301   Thumb Code     0  memseta.o(.text)
    __aeabi_memclr8                          0x08000301   Thumb Code     0  memseta.o(.text)
    _memset$wrapper                          0x08000305   Thumb Code    18  memseta.o(.text)
    __aeabi_dadd                             0x08000317   Thumb Code   322  dadd.o(.text)
    __aeabi_dsub                             0x08000459   Thumb Code     6  dadd.o(.text)
    __aeabi_drsub                            0x0800045f   Thumb Code     6  dadd.o(.text)
    __aeabi_dmul                             0x08000465   Thumb Code   228  dmul.o(.text)
    __aeabi_ddiv                             0x08000549   Thumb Code   222  ddiv.o(.text)
    __aeabi_i2d                              0x08000627   Thumb Code    34  dflti.o(.text)
    __aeabi_ui2d                             0x08000649   Thumb Code    26  dfltui.o(.text)
    __aeabi_d2iz                             0x08000663   Thumb Code    62  dfixi.o(.text)
    __aeabi_d2uiz                            0x080006a1   Thumb Code    50  dfixui.o(.text)
    __aeabi_f2d                              0x080006d3   Thumb Code    38  f2d.o(.text)
    __aeabi_d2f                              0x080006f9   Thumb Code    56  d2f.o(.text)
    __aeabi_uidiv                            0x08000731   Thumb Code     0  uidiv.o(.text)
    __aeabi_uidivmod                         0x08000731   Thumb Code    44  uidiv.o(.text)
    __aeabi_llsl                             0x0800075d   Thumb Code    30  llshl.o(.text)
    _ll_shift_l                              0x0800075d   Thumb Code     0  llshl.o(.text)
    __aeabi_llsr                             0x0800077b   Thumb Code    32  llushr.o(.text)
    _ll_ushift_r                             0x0800077b   Thumb Code     0  llushr.o(.text)
    __aeabi_lasr                             0x0800079b   Thumb Code    36  llsshr.o(.text)
    _ll_sshift_r                             0x0800079b   Thumb Code     0  llsshr.o(.text)
    __I$use$fp                               0x080007bf   Thumb Code     0  iusefp.o(.text)
    _float_round                             0x080007bf   Thumb Code    18  fepilogue.o(.text)
    _float_epilogue                          0x080007d1   Thumb Code    92  fepilogue.o(.text)
    _double_round                            0x0800082d   Thumb Code    30  depilogue.o(.text)
    _double_epilogue                         0x0800084b   Thumb Code   156  depilogue.o(.text)
    __aeabi_d2ulz                            0x080008e7   Thumb Code    48  dfixul.o(.text)
    __aeabi_cdrcmple                         0x08000919   Thumb Code    48  cdrcmple.o(.text)
    __scatterload                            0x08000949   Thumb Code    28  init.o(.text)
    __scatterload_rt2                        0x08000949   Thumb Code     0  init.o(.text)
    BusFault_Handler                         0x080009ed   Thumb Code     2  stm32f4xx_it.o(.text.BusFault_Handler)
    DAC_DMAConvCpltCh2                       0x080009ff   Thumb Code    16  stm32f4xx_hal_dac_ex.o(.text.DAC_DMAConvCpltCh2)
    DAC_DMAErrorCh2                          0x08000a27   Thumb Code    24  stm32f4xx_hal_dac_ex.o(.text.DAC_DMAErrorCh2)
    DAC_DMAHalfConvCpltCh2                   0x08000a45   Thumb Code     6  stm32f4xx_hal_dac_ex.o(.text.DAC_DMAHalfConvCpltCh2)
    DebugMon_Handler                         0x08000aab   Thumb Code     2  stm32f4xx_it.o(.text.DebugMon_Handler)
    Error_Handler                            0x08000aad   Thumb Code    16  main.o(.text.Error_Handler)
    HAL_ADC_ConfigChannel                    0x08000abd   Thumb Code   280  stm32f4xx_hal_adc.o(.text.HAL_ADC_ConfigChannel)
    HAL_ADC_ConvCpltCallback                 0x08000bc9   Thumb Code     2  stm32f4xx_hal_adc.o(.text.HAL_ADC_ConvCpltCallback)
    HAL_ADC_ConvHalfCpltCallback             0x08000bcb   Thumb Code     2  stm32f4xx_hal_adc.o(.text.HAL_ADC_ConvHalfCpltCallback)
    HAL_ADC_ErrorCallback                    0x08000bcd   Thumb Code     2  stm32f4xx_hal_adc.o(.text.HAL_ADC_ErrorCallback)
    HAL_ADC_Init                             0x08000bd1   Thumb Code   324  stm32f4xx_hal_adc.o(.text.HAL_ADC_Init)
    HAL_ADC_MspInit                          0x08000d15   Thumb Code   208  stm32f4xx_hal_msp.o(.text.HAL_ADC_MspInit)
    HAL_ADC_Start_DMA                        0x08000ddd   Thumb Code   304  stm32f4xx_hal_adc.o(.text.HAL_ADC_Start_DMA)
    HAL_DACEx_ConvCpltCallbackCh2            0x08000f0d   Thumb Code     2  stm32f4xx_hal_dac_ex.o(.text.HAL_DACEx_ConvCpltCallbackCh2)
    HAL_DACEx_ConvHalfCpltCallbackCh2        0x08000f0f   Thumb Code     2  stm32f4xx_hal_dac_ex.o(.text.HAL_DACEx_ConvHalfCpltCallbackCh2)
    HAL_DACEx_ErrorCallbackCh2               0x08000f11   Thumb Code     2  stm32f4xx_hal_dac_ex.o(.text.HAL_DACEx_ErrorCallbackCh2)
    HAL_DAC_ConfigChannel                    0x08000f13   Thumb Code    84  stm32f4xx_hal_dac.o(.text.HAL_DAC_ConfigChannel)
    HAL_DAC_ConvCpltCallbackCh1              0x08000f67   Thumb Code     2  stm32f4xx_hal_dac.o(.text.HAL_DAC_ConvCpltCallbackCh1)
    HAL_DAC_ConvHalfCpltCallbackCh1          0x08000f69   Thumb Code     2  stm32f4xx_hal_dac.o(.text.HAL_DAC_ConvHalfCpltCallbackCh1)
    HAL_DAC_ErrorCallbackCh1                 0x08000f6b   Thumb Code     2  stm32f4xx_hal_dac.o(.text.HAL_DAC_ErrorCallbackCh1)
    HAL_DAC_Init                             0x08000f6d   Thumb Code    38  stm32f4xx_hal_dac.o(.text.HAL_DAC_Init)
    HAL_DAC_MspInit                          0x08000f95   Thumb Code   100  stm32f4xx_hal_msp.o(.text.HAL_DAC_MspInit)
    HAL_DAC_Start_DMA                        0x08000ff9   Thumb Code   224  stm32f4xx_hal_dac.o(.text.HAL_DAC_Start_DMA)
    HAL_DMA_Init                             0x080010d9   Thumb Code   296  stm32f4xx_hal_dma.o(.text.HAL_DMA_Init)
    HAL_DMA_Start                            0x08001201   Thumb Code    66  stm32f4xx_hal_dma.o(.text.HAL_DMA_Start)
    HAL_DMA_Start_IT                         0x08001243   Thumb Code   106  stm32f4xx_hal_dma.o(.text.HAL_DMA_Start_IT)
    HAL_Delay                                0x080012ad   Thumb Code    36  stm32f4xx_hal.o(.text.HAL_Delay)
    HAL_GPIO_Init                            0x080012cd   Thumb Code   396  stm32f4xx_hal_gpio.o(.text.HAL_GPIO_Init)
    HAL_GPIO_WritePin                        0x08001459   Thumb Code    10  stm32f4xx_hal_gpio.o(.text.HAL_GPIO_WritePin)
    HAL_GetTick                              0x08001465   Thumb Code    12  stm32f4xx_hal.o(.text.HAL_GetTick)
    HAL_IncTick                              0x0800146d   Thumb Code    24  stm32f4xx_hal.o(.text.HAL_IncTick)
    HAL_Init                                 0x08001481   Thumb Code    52  stm32f4xx_hal.o(.text.HAL_Init)
    HAL_InitTick                             0x080014b5   Thumb Code    64  stm32f4xx_hal.o(.text.HAL_InitTick)
    HAL_MspInit                              0x080014f1   Thumb Code    60  stm32f4xx_hal_msp.o(.text.HAL_MspInit)
    HAL_NVIC_EnableIRQ                       0x0800152d   Thumb Code    28  stm32f4xx_hal_cortex.o(.text.HAL_NVIC_EnableIRQ)
    HAL_NVIC_SetPriority                     0x08001549   Thumb Code    64  stm32f4xx_hal_cortex.o(.text.HAL_NVIC_SetPriority)
    HAL_NVIC_SetPriorityGrouping             0x08001585   Thumb Code    32  stm32f4xx_hal_cortex.o(.text.HAL_NVIC_SetPriorityGrouping)
    HAL_RCC_ClockConfig                      0x080015a5   Thumb Code   292  stm32f4xx_hal_rcc.o(.text.HAL_RCC_ClockConfig)
    HAL_RCC_GetPCLK1Freq                     0x080016c5   Thumb Code    32  stm32f4xx_hal_rcc.o(.text.HAL_RCC_GetPCLK1Freq)
    HAL_RCC_GetPCLK2Freq                     0x080016d9   Thumb Code    32  stm32f4xx_hal_rcc.o(.text.HAL_RCC_GetPCLK2Freq)
    HAL_RCC_GetSysClockFreq                  0x080016f9   Thumb Code   144  stm32f4xx_hal_rcc_ex.o(.text.HAL_RCC_GetSysClockFreq)
    HAL_RCC_OscConfig                        0x08001789   Thumb Code   764  stm32f4xx_hal_rcc_ex.o(.text.HAL_RCC_OscConfig)
    HAL_SYSTICK_Config                       0x08001a85   Thumb Code    40  stm32f4xx_hal_cortex.o(.text.HAL_SYSTICK_Config)
    HAL_TIMEx_BreakCallback                  0x08001aad   Thumb Code     2  stm32f4xx_hal_tim_ex.o(.text.HAL_TIMEx_BreakCallback)
    HAL_TIMEx_CommutCallback                 0x08001aaf   Thumb Code     2  stm32f4xx_hal_tim_ex.o(.text.HAL_TIMEx_CommutCallback)
    HAL_TIMEx_MasterConfigSynchronization    0x08001ab1   Thumb Code    66  stm32f4xx_hal_tim_ex.o(.text.HAL_TIMEx_MasterConfigSynchronization)
    HAL_TIM_Base_Init                        0x08001af3   Thumb Code    52  stm32f4xx_hal_tim.o(.text.HAL_TIM_Base_Init)
    HAL_TIM_Base_MspInit                     0x08001b29   Thumb Code    64  stm32f4xx_hal_msp.o(.text.HAL_TIM_Base_MspInit)
    HAL_TIM_Base_Start                       0x08001b69   Thumb Code    36  stm32f4xx_hal_tim.o(.text.HAL_TIM_Base_Start)
    HAL_TIM_ConfigClockSource                0x08001b8d   Thumb Code   272  stm32f4xx_hal_tim.o(.text.HAL_TIM_ConfigClockSource)
    HAL_TIM_IC_CaptureCallback               0x08001c9d   Thumb Code     2  stm32f4xx_hal_tim.o(.text.HAL_TIM_IC_CaptureCallback)
    HAL_TIM_IRQHandler                       0x08001c9f   Thumb Code   362  stm32f4xx_hal_tim.o(.text.HAL_TIM_IRQHandler)
    HAL_TIM_OC_DelayElapsedCallback          0x08001e09   Thumb Code     2  stm32f4xx_hal_tim.o(.text.HAL_TIM_OC_DelayElapsedCallback)
    HAL_TIM_PWM_PulseFinishedCallback        0x08001e0b   Thumb Code     2  stm32f4xx_hal_tim.o(.text.HAL_TIM_PWM_PulseFinishedCallback)
    HAL_TIM_PeriodElapsedCallback            0x08001e0d   Thumb Code     2  main.o(.text.HAL_TIM_PeriodElapsedCallback)
    HAL_TIM_TriggerCallback                  0x08001e0f   Thumb Code     2  stm32f4xx_hal_tim.o(.text.HAL_TIM_TriggerCallback)
    HAL_UART_Init                            0x08001e11   Thumb Code    92  stm32f4xx_hal_uart.o(.text.HAL_UART_Init)
    HAL_UART_MspInit                         0x08001e6d   Thumb Code   188  stm32f4xx_hal_msp.o(.text.HAL_UART_MspInit)
    HAL_UART_Transmit                        0x08001f25   Thumb Code   174  stm32f4xx_hal_uart.o(.text.HAL_UART_Transmit)
    HardFault_Handler                        0x08001fd3   Thumb Code     2  stm32f4xx_it.o(.text.HardFault_Handler)
    LCD_Clear                                0x08001fd5   Thumb Code    92  hw_gpu35c.o(.text.LCD_Clear)
    LCD_Initialize                           0x08002031   Thumb Code    12  hw_gpu35c.o(.text.LCD_Initialize)
    LCD_PlotInit                             0x0800203d   Thumb Code    32  hw_gpu35c.o(.text.LCD_PlotInit)
    LCD_PrintChar                            0x0800205d   Thumb Code    56  hw_gpu35c.o(.text.LCD_PrintChar)
    LCD_PrintFloat                           0x08002095   Thumb Code    80  hw_gpu35c.o(.text.LCD_PrintFloat)
    MX_ADC1_Init                             0x080020e5   Thumb Code   140  initial.o(.text.MX_ADC1_Init)
    MX_DAC_Init                              0x08002171   Thumb Code    80  initial.o(.text.MX_DAC_Init)
    MX_DMA_Init                              0x080021bd   Thumb Code   144  initial.o(.text.MX_DMA_Init)
    MX_GPIO_Init                             0x0800224d   Thumb Code   236  initial.o(.text.MX_GPIO_Init)
    MX_TIM2_Config                           0x08002339   Thumb Code   144  initial.o(.text.MX_TIM2_Config)
    MX_TIM3_Config                           0x080023c1   Thumb Code   152  initial.o(.text.MX_TIM3_Config)
    MX_TIM4_Config                           0x08002455   Thumb Code   148  initial.o(.text.MX_TIM4_Config)
    MX_USART1_UART_Init                      0x080024e9   Thumb Code    56  initial.o(.text.MX_USART1_UART_Init)
    MemManage_Handler                        0x08002521   Thumb Code     2  stm32f4xx_it.o(.text.MemManage_Handler)
    NMI_Handler                              0x08002523   Thumb Code     2  stm32f4xx_it.o(.text.NMI_Handler)
    PendSV_Handler                           0x08002525   Thumb Code     2  stm32f4xx_it.o(.text.PendSV_Handler)
    ResultDisplay                            0x08002529   Thumb Code   184  main.o(.text.ResultDisplay)
    Result_CalValue                          0x080025e1   Thumb Code    96  main.o(.text.Result_CalValue)
    SVC_Handler                              0x08002641   Thumb Code     2  stm32f4xx_it.o(.text.SVC_Handler)
    Signal_Process                           0x08002649   Thumb Code   576  main.o(.text.Signal_Process)
    Sine_CalValue                            0x08002889   Thumb Code   216  main.o(.text.Sine_CalValue)
    SysTick_Handler                          0x08002961   Thumb Code     4  stm32f4xx_it.o(.text.SysTick_Handler)
    SystemClock_Config                       0x08002965   Thumb Code   156  initial.o(.text.SystemClock_Config)
    SystemInit                               0x08002a01   Thumb Code    76  system_stm32f4xx.o(.text.SystemInit)
    TIM4_IRQHandler                          0x08002a4d   Thumb Code    24  stm32f4xx_it.o(.text.TIM4_IRQHandler)
    TIM_Base_SetConfig                       0x08002a65   Thumb Code   208  stm32f4xx_hal_tim.o(.text.TIM_Base_SetConfig)
    USART2_IRQHandler                        0x08002d4d   Thumb Code     2  stm32f4xx_it.o(.text.USART2_IRQHandler)
    UsageFault_Handler                       0x08002d4f   Thumb Code     2  stm32f4xx_it.o(.text.UsageFault_Handler)
    VOSC_SendTwo_uint16                      0x08002d51   Thumb Code   116  sw_virtual_oscilloscope.o(.text.VOSC_SendTwo_uint16)
    fputc                                    0x08002de9   Thumb Code    28  initial.o(.text.fputc)
    main                                     0x08002e01   Thumb Code   300  main.o(.text.main)
    __0printf                                0x08002f2d   Thumb Code    22  printfa.o(i.__0printf)
    __1printf                                0x08002f2d   Thumb Code     0  printfa.o(i.__0printf)
    __2printf                                0x08002f2d   Thumb Code     0  printfa.o(i.__0printf)
    __c89printf                              0x08002f2d   Thumb Code     0  printfa.o(i.__0printf)
    printf                                   0x08002f2d   Thumb Code     0  printfa.o(i.__0printf)
    __0sprintf                               0x08002f4d   Thumb Code    34  printfa.o(i.__0sprintf)
    __1sprintf                               0x08002f4d   Thumb Code     0  printfa.o(i.__0sprintf)
    __2sprintf                               0x08002f4d   Thumb Code     0  printfa.o(i.__0sprintf)
    __c89sprintf                             0x08002f4d   Thumb Code     0  printfa.o(i.__0sprintf)
    sprintf                                  0x08002f4d   Thumb Code     0  printfa.o(i.__0sprintf)
    __scatterload_copy                       0x08002f75   Thumb Code    14  handlers.o(i.__scatterload_copy)
    __scatterload_null                       0x08002f83   Thumb Code     2  handlers.o(i.__scatterload_null)
    __scatterload_zeroinit                   0x08002f85   Thumb Code    14  handlers.o(i.__scatterload_zeroinit)
    puts                                     0x08003851   Thumb Code    30  puts.o(i.puts)
    sinTable_f32                             0x08003874   Data        2052  arm_common_tables.o(.constdata)
    AHBPrescTable                            0x08004078   Data          16  system_stm32f4xx.o(.rodata.AHBPrescTable)
    APBPrescTable                            0x08004088   Data           8  system_stm32f4xx.o(.rodata.APBPrescTable)
    Region$$Table$$Base                      0x080040f0   Number         0  anon$$obj.o(Region$$Table)
    Region$$Table$$Limit                     0x08004110   Number         0  anon$$obj.o(Region$$Table)
    __stdout                                 0x20000000   Data           4  stdout.o(.data)
    begincode                                0x20000004   Data           2  sw_virtual_oscilloscope.o(.data..L_MergedGlobals)
    endcode                                  0x20000006   Data           2  sw_virtual_oscilloscope.o(.data..L_MergedGlobals)
    uwTickFreq                               0x20000008   Data           1  stm32f4xx_hal.o(.data..L_MergedGlobals)
    uwTickPrio                               0x2000000c   Data           4  stm32f4xx_hal.o(.data..L_MergedGlobals)
    SystemCoreClock                          0x20000010   Data           4  system_stm32f4xx.o(.data.SystemCoreClock)
    temp_min                                 0x20000014   Data          16  main.o(.data.temp_min)
    Us                                       0x20000028   Data           4  main.o(.bss..L_MergedGlobals)
    Ui_rms                                   0x2000002c   Data           4  main.o(.bss..L_MergedGlobals)
    Ri                                       0x20000030   Data           4  main.o(.bss..L_MergedGlobals)
    Ro                                       0x20000034   Data           4  main.o(.bss..L_MergedGlobals)
    Ro_old                                   0x20000038   Data           4  main.o(.bss..L_MergedGlobals)
    Uo_bias                                  0x2000003c   Data           4  main.o(.bss..L_MergedGlobals)
    Uop_bias                                 0x20000040   Data           4  main.o(.bss..L_MergedGlobals)
    Au                                       0x20000044   Data           4  main.o(.bss..L_MergedGlobals)
    uhADCxConvertedValue                     0x20000048   Data          10  main.o(.bss..L_MergedGlobals)
    temp_max                                 0x20000054   Data          16  main.o(.bss..L_MergedGlobals)
    temp_bias                                0x20000064   Data          16  main.o(.bss..L_MergedGlobals)
    ADC_Value                                0x20000074   Data          16  main.o(.bss..L_MergedGlobals)
    buf                                      0x20000084   Data         128  hw_gpu35c.o(.bss.buf)
    hadc1                                    0x20000104   Data          72  initial.o(.bss.hadc1)
    hdac                                     0x2000014c   Data          20  initial.o(.bss.hdac)
    hdma                                     0x20000160   Data          96  initial.o(.bss.hdma)
    hdma_adc1                                0x200001c0   Data          96  initial.o(.bss.hdma_adc1)
    htim2                                    0x20000220   Data          64  initial.o(.bss.htim2)
    htim3                                    0x20000260   Data          64  initial.o(.bss.htim3)
    htim4                                    0x200002a0   Data          64  initial.o(.bss.htim4)
    huart1                                   0x200002e0   Data          64  initial.o(.bss.huart1)
    sinewave_val                             0x20000320   Data         256  main.o(.bss.sinewave_val)
    tempval3                                 0x20000420   Data        1024  main.o(.bss.tempval3)
    uwTick                                   0x20000820   Data           4  stm32f4xx_hal.o(.bss.uwTick)
    __initial_sp                             0x20000c28   Data           0  startup_stm32f446xx.o(STACK)



==============================================================================

Memory Map of the image

  Image Entry point : 0x080001c5

  Load Region LR_IROM1 (Base: 0x08000000, Size: 0x00004138, Max: 0x00080000, ABSOLUTE)

    Execution Region ER_IROM1 (Exec base: 0x08000000, Load base: 0x08000000, Size: 0x00004110, Max: 0x00080000, ABSOLUTE)

    Exec Addr    Load Addr    Size         Type   Attr      Idx    E Section Name        Object

    0x08000000   0x08000000   0x000001c4   Data   RO            3    RESET               startup_stm32f446xx.o
    0x080001c4   0x080001c4   0x00000000   Code   RO         1409  * .ARM.Collect$$$$00000000  mc_w.l(entry.o)
    0x080001c4   0x080001c4   0x00000004   Code   RO         1699    .ARM.Collect$$$$00000001  mc_w.l(entry2.o)
    0x080001c8   0x080001c8   0x00000004   Code   RO         1702    .ARM.Collect$$$$00000004  mc_w.l(entry5.o)
    0x080001cc   0x080001cc   0x00000000   Code   RO         1704    .ARM.Collect$$$$00000008  mc_w.l(entry7b.o)
    0x080001cc   0x080001cc   0x00000000   Code   RO         1706    .ARM.Collect$$$$0000000A  mc_w.l(entry8b.o)
    0x080001cc   0x080001cc   0x00000008   Code   RO         1707    .ARM.Collect$$$$0000000B  mc_w.l(entry9a.o)
    0x080001d4   0x080001d4   0x00000000   Code   RO         1709    .ARM.Collect$$$$0000000D  mc_w.l(entry10a.o)
    0x080001d4   0x080001d4   0x00000000   Code   RO         1711    .ARM.Collect$$$$0000000F  mc_w.l(entry11a.o)
    0x080001d4   0x080001d4   0x00000004   Code   RO         1700    .ARM.Collect$$$$00002712  mc_w.l(entry2.o)
    0x080001d8   0x080001d8   0x00000024   Code   RO            4    .text               startup_stm32f446xx.o
    0x080001fc   0x080001fc   0x00000094   Code   RO         1279    .text               arm_cortexM4lf_math.lib(arm_sin_f32.o)
    0x08000290   0x08000290   0x00000062   Code   RO         1416    .text               mc_w.l(uldiv.o)
    0x080002f2   0x080002f2   0x00000024   Code   RO         1418    .text               mc_w.l(memseta.o)
    0x08000316   0x08000316   0x0000014e   Code   RO         1681    .text               mf_w.l(dadd.o)
    0x08000464   0x08000464   0x000000e4   Code   RO         1683    .text               mf_w.l(dmul.o)
    0x08000548   0x08000548   0x000000de   Code   RO         1685    .text               mf_w.l(ddiv.o)
    0x08000626   0x08000626   0x00000022   Code   RO         1687    .text               mf_w.l(dflti.o)
    0x08000648   0x08000648   0x0000001a   Code   RO         1689    .text               mf_w.l(dfltui.o)
    0x08000662   0x08000662   0x0000003e   Code   RO         1691    .text               mf_w.l(dfixi.o)
    0x080006a0   0x080006a0   0x00000032   Code   RO         1693    .text               mf_w.l(dfixui.o)
    0x080006d2   0x080006d2   0x00000026   Code   RO         1695    .text               mf_w.l(f2d.o)
    0x080006f8   0x080006f8   0x00000038   Code   RO         1697    .text               mf_w.l(d2f.o)
    0x08000730   0x08000730   0x0000002c   Code   RO         1714    .text               mc_w.l(uidiv.o)
    0x0800075c   0x0800075c   0x0000001e   Code   RO         1716    .text               mc_w.l(llshl.o)
    0x0800077a   0x0800077a   0x00000020   Code   RO         1718    .text               mc_w.l(llushr.o)
    0x0800079a   0x0800079a   0x00000024   Code   RO         1720    .text               mc_w.l(llsshr.o)
    0x080007be   0x080007be   0x00000000   Code   RO         1722    .text               mc_w.l(iusefp.o)
    0x080007be   0x080007be   0x0000006e   Code   RO         1723    .text               mf_w.l(fepilogue.o)
    0x0800082c   0x0800082c   0x000000ba   Code   RO         1725    .text               mf_w.l(depilogue.o)
    0x080008e6   0x080008e6   0x00000030   Code   RO         1727    .text               mf_w.l(dfixul.o)
    0x08000916   0x08000916   0x00000002   PAD
    0x08000918   0x08000918   0x00000030   Code   RO         1729    .text               mf_w.l(cdrcmple.o)
    0x08000948   0x08000948   0x00000024   Code   RO         1731    .text               mc_w.l(init.o)
    0x0800096c   0x0800096c   0x00000068   Code   RO          209    .text.ADC_DMAConvCplt  stm32f4xx_hal_adc.o
    0x080009d4   0x080009d4   0x00000012   Code   RO          213    .text.ADC_DMAError  stm32f4xx_hal_adc.o
    0x080009e6   0x080009e6   0x00000006   Code   RO          211    .text.ADC_DMAHalfConvCplt  stm32f4xx_hal_adc.o
    0x080009ec   0x080009ec   0x00000002   Code   RO           74    .text.BusFault_Handler  stm32f4xx_it.o
    0x080009ee   0x080009ee   0x00000010   Code   RO          291    .text.DAC_DMAConvCpltCh1  stm32f4xx_hal_dac.o
    0x080009fe   0x080009fe   0x00000010   Code   RO          344    .text.DAC_DMAConvCpltCh2  stm32f4xx_hal_dac_ex.o
    0x08000a0e   0x08000a0e   0x00000018   Code   RO          295    .text.DAC_DMAErrorCh1  stm32f4xx_hal_dac.o
    0x08000a26   0x08000a26   0x00000018   Code   RO          348    .text.DAC_DMAErrorCh2  stm32f4xx_hal_dac_ex.o
    0x08000a3e   0x08000a3e   0x00000006   Code   RO          293    .text.DAC_DMAHalfConvCpltCh1  stm32f4xx_hal_dac.o
    0x08000a44   0x08000a44   0x00000006   Code   RO          346    .text.DAC_DMAHalfConvCpltCh2  stm32f4xx_hal_dac_ex.o
    0x08000a4a   0x08000a4a   0x00000002   PAD
    0x08000a4c   0x08000a4c   0x00000030   Code   RO          986    .text.DMA_CalcBaseAndBitshift  stm32f4xx_hal_dma.o
    0x08000a7c   0x08000a7c   0x0000002e   Code   RO          992    .text.DMA_SetConfig  stm32f4xx_hal_dma.o
    0x08000aaa   0x08000aaa   0x00000002   Code   RO           80    .text.DebugMon_Handler  stm32f4xx_it.o
    0x08000aac   0x08000aac   0x00000010   Code   RO           29    .text.Error_Handler  main.o
    0x08000abc   0x08000abc   0x0000010c   Code   RO          221    .text.HAL_ADC_ConfigChannel  stm32f4xx_hal_adc.o
    0x08000bc8   0x08000bc8   0x00000002   Code   RO          201    .text.HAL_ADC_ConvCpltCallback  stm32f4xx_hal_adc.o
    0x08000bca   0x08000bca   0x00000002   Code   RO          219    .text.HAL_ADC_ConvHalfCpltCallback  stm32f4xx_hal_adc.o
    0x08000bcc   0x08000bcc   0x00000002   Code   RO          205    .text.HAL_ADC_ErrorCallback  stm32f4xx_hal_adc.o
    0x08000bce   0x08000bce   0x00000002   PAD
    0x08000bd0   0x08000bd0   0x00000144   Code   RO          179    .text.HAL_ADC_Init  stm32f4xx_hal_adc.o
    0x08000d14   0x08000d14   0x000000c8   Code   RO          100    .text.HAL_ADC_MspInit  stm32f4xx_hal_msp.o
    0x08000ddc   0x08000ddc   0x00000130   Code   RO          207    .text.HAL_ADC_Start_DMA  stm32f4xx_hal_adc.o
    0x08000f0c   0x08000f0c   0x00000002   Code   RO          336    .text.HAL_DACEx_ConvCpltCallbackCh2  stm32f4xx_hal_dac_ex.o
    0x08000f0e   0x08000f0e   0x00000002   Code   RO          338    .text.HAL_DACEx_ConvHalfCpltCallbackCh2  stm32f4xx_hal_dac_ex.o
    0x08000f10   0x08000f10   0x00000002   Code   RO          340    .text.HAL_DACEx_ErrorCallbackCh2  stm32f4xx_hal_dac_ex.o
    0x08000f12   0x08000f12   0x00000054   Code   RO          311    .text.HAL_DAC_ConfigChannel  stm32f4xx_hal_dac.o
    0x08000f66   0x08000f66   0x00000002   Code   RO          305    .text.HAL_DAC_ConvCpltCallbackCh1  stm32f4xx_hal_dac.o
    0x08000f68   0x08000f68   0x00000002   Code   RO          307    .text.HAL_DAC_ConvHalfCpltCallbackCh1  stm32f4xx_hal_dac.o
    0x08000f6a   0x08000f6a   0x00000002   Code   RO          309    .text.HAL_DAC_ErrorCallbackCh1  stm32f4xx_hal_dac.o
    0x08000f6c   0x08000f6c   0x00000026   Code   RO          277    .text.HAL_DAC_Init  stm32f4xx_hal_dac.o
    0x08000f92   0x08000f92   0x00000002   PAD
    0x08000f94   0x08000f94   0x00000064   Code   RO          104    .text.HAL_DAC_MspInit  stm32f4xx_hal_msp.o
    0x08000ff8   0x08000ff8   0x000000e0   Code   RO          289    .text.HAL_DAC_Start_DMA  stm32f4xx_hal_dac.o
    0x080010d8   0x080010d8   0x00000128   Code   RO          984    .text.HAL_DMA_Init  stm32f4xx_hal_dma.o
    0x08001200   0x08001200   0x00000042   Code   RO          990    .text.HAL_DMA_Start  stm32f4xx_hal_dma.o
    0x08001242   0x08001242   0x0000006a   Code   RO          994    .text.HAL_DMA_Start_IT  stm32f4xx_hal_dma.o
    0x080012ac   0x080012ac   0x00000020   Code   RO         1160    .text.HAL_Delay     stm32f4xx_hal.o
    0x080012cc   0x080012cc   0x0000018c   Code   RO          944    .text.HAL_GPIO_Init  stm32f4xx_hal_gpio.o
    0x08001458   0x08001458   0x0000000a   Code   RO          950    .text.HAL_GPIO_WritePin  stm32f4xx_hal_gpio.o
    0x08001462   0x08001462   0x00000002   PAD
    0x08001464   0x08001464   0x00000008   Code   RO         1152    .text.HAL_GetTick   stm32f4xx_hal.o
    0x0800146c   0x0800146c   0x00000014   Code   RO         1150    .text.HAL_IncTick   stm32f4xx_hal.o
    0x08001480   0x08001480   0x00000034   Code   RO         1140    .text.HAL_Init      stm32f4xx_hal.o
    0x080014b4   0x080014b4   0x0000003c   Code   RO         1142    .text.HAL_InitTick  stm32f4xx_hal.o
    0x080014f0   0x080014f0   0x0000003c   Code   RO           98    .text.HAL_MspInit   stm32f4xx_hal_msp.o
    0x0800152c   0x0800152c   0x0000001c   Code   RO         1097    .text.HAL_NVIC_EnableIRQ  stm32f4xx_hal_cortex.o
    0x08001548   0x08001548   0x0000003c   Code   RO         1093    .text.HAL_NVIC_SetPriority  stm32f4xx_hal_cortex.o
    0x08001584   0x08001584   0x00000020   Code   RO         1091    .text.HAL_NVIC_SetPriorityGrouping  stm32f4xx_hal_cortex.o
    0x080015a4   0x080015a4   0x00000120   Code   RO          794    .text.HAL_RCC_ClockConfig  stm32f4xx_hal_rcc.o
    0x080016c4   0x080016c4   0x00000014   Code   RO          806    .text.HAL_RCC_GetPCLK1Freq  stm32f4xx_hal_rcc.o
    0x080016d8   0x080016d8   0x00000020   Code   RO          808    .text.HAL_RCC_GetPCLK2Freq  stm32f4xx_hal_rcc.o
    0x080016f8   0x080016f8   0x00000090   Code   RO          843    .text.HAL_RCC_GetSysClockFreq  stm32f4xx_hal_rcc_ex.o
    0x08001788   0x08001788   0x000002fc   Code   RO          847    .text.HAL_RCC_OscConfig  stm32f4xx_hal_rcc_ex.o
    0x08001a84   0x08001a84   0x00000028   Code   RO         1105    .text.HAL_SYSTICK_Config  stm32f4xx_hal_cortex.o
    0x08001aac   0x08001aac   0x00000002   Code   RO          664    .text.HAL_TIMEx_BreakCallback  stm32f4xx_hal_tim_ex.o
    0x08001aae   0x08001aae   0x00000002   Code   RO          660    .text.HAL_TIMEx_CommutCallback  stm32f4xx_hal_tim_ex.o
    0x08001ab0   0x08001ab0   0x00000042   Code   RO          654    .text.HAL_TIMEx_MasterConfigSynchronization  stm32f4xx_hal_tim_ex.o
    0x08001af2   0x08001af2   0x00000034   Code   RO          359    .text.HAL_TIM_Base_Init  stm32f4xx_hal_tim.o
    0x08001b26   0x08001b26   0x00000002   PAD
    0x08001b28   0x08001b28   0x00000040   Code   RO          112    .text.HAL_TIM_Base_MspInit  stm32f4xx_hal_msp.o
    0x08001b68   0x08001b68   0x00000024   Code   RO          369    .text.HAL_TIM_Base_Start  stm32f4xx_hal_tim.o
    0x08001b8c   0x08001b8c   0x00000110   Code   RO          543    .text.HAL_TIM_ConfigClockSource  stm32f4xx_hal_tim.o
    0x08001c9c   0x08001c9c   0x00000002   Code   RO          495    .text.HAL_TIM_IC_CaptureCallback  stm32f4xx_hal_tim.o
    0x08001c9e   0x08001c9e   0x0000016a   Code   RO          493    .text.HAL_TIM_IRQHandler  stm32f4xx_hal_tim.o
    0x08001e08   0x08001e08   0x00000002   Code   RO          497    .text.HAL_TIM_OC_DelayElapsedCallback  stm32f4xx_hal_tim.o
    0x08001e0a   0x08001e0a   0x00000002   Code   RO          499    .text.HAL_TIM_PWM_PulseFinishedCallback  stm32f4xx_hal_tim.o
    0x08001e0c   0x08001e0c   0x00000002   Code   RO           21    .text.HAL_TIM_PeriodElapsedCallback  main.o
    0x08001e0e   0x08001e0e   0x00000002   Code   RO          503    .text.HAL_TIM_TriggerCallback  stm32f4xx_hal_tim.o
    0x08001e10   0x08001e10   0x0000005c   Code   RO          677    .text.HAL_UART_Init  stm32f4xx_hal_uart.o
    0x08001e6c   0x08001e6c   0x000000b8   Code   RO          108    .text.HAL_UART_MspInit  stm32f4xx_hal_msp.o
    0x08001f24   0x08001f24   0x000000ae   Code   RO          693    .text.HAL_UART_Transmit  stm32f4xx_hal_uart.o
    0x08001fd2   0x08001fd2   0x00000002   Code   RO           70    .text.HardFault_Handler  stm32f4xx_it.o
    0x08001fd4   0x08001fd4   0x0000005c   Code   RO         1252    .text.LCD_Clear     hw_gpu35c.o
    0x08002030   0x08002030   0x0000000c   Code   RO         1250    .text.LCD_Initialize  hw_gpu35c.o
    0x0800203c   0x0800203c   0x00000020   Code   RO         1260    .text.LCD_PlotInit  hw_gpu35c.o
    0x0800205c   0x0800205c   0x00000038   Code   RO         1254    .text.LCD_PrintChar  hw_gpu35c.o
    0x08002094   0x08002094   0x00000050   Code   RO         1258    .text.LCD_PrintFloat  hw_gpu35c.o
    0x080020e4   0x080020e4   0x0000008c   Code   RO          127    .text.MX_ADC1_Init  initial.o
    0x08002170   0x08002170   0x0000004c   Code   RO          129    .text.MX_DAC_Init   initial.o
    0x080021bc   0x080021bc   0x00000090   Code   RO          131    .text.MX_DMA_Init   initial.o
    0x0800224c   0x0800224c   0x000000ec   Code   RO          143    .text.MX_GPIO_Init  initial.o
    0x08002338   0x08002338   0x00000088   Code   RO          133    .text.MX_TIM2_Config  initial.o
    0x080023c0   0x080023c0   0x00000094   Code   RO          135    .text.MX_TIM3_Config  initial.o
    0x08002454   0x08002454   0x00000094   Code   RO          137    .text.MX_TIM4_Config  initial.o
    0x080024e8   0x080024e8   0x00000038   Code   RO          139    .text.MX_USART1_UART_Init  initial.o
    0x08002520   0x08002520   0x00000002   Code   RO           72    .text.MemManage_Handler  stm32f4xx_it.o
    0x08002522   0x08002522   0x00000002   Code   RO           68    .text.NMI_Handler   stm32f4xx_it.o
    0x08002524   0x08002524   0x00000002   Code   RO           82    .text.PendSV_Handler  stm32f4xx_it.o
    0x08002526   0x08002526   0x00000002   PAD
    0x08002528   0x08002528   0x000000b8   Code   RO           19    .text.ResultDisplay  main.o
    0x080025e0   0x080025e0   0x00000060   Code   RO           17    .text.Result_CalValue  main.o
    0x08002640   0x08002640   0x00000002   Code   RO           78    .text.SVC_Handler   stm32f4xx_it.o
    0x08002642   0x08002642   0x00000006   PAD
    0x08002648   0x08002648   0x0000023c   Code   RO           15    .text.Signal_Process  main.o
    0x08002884   0x08002884   0x00000004   PAD
    0x08002888   0x08002888   0x000000d8   Code   RO           13    .text.Sine_CalValue  main.o
    0x08002960   0x08002960   0x00000004   Code   RO           84    .text.SysTick_Handler  stm32f4xx_it.o
    0x08002964   0x08002964   0x0000009c   Code   RO          125    .text.SystemClock_Config  initial.o
    0x08002a00   0x08002a00   0x0000004c   Code   RO         1232    .text.SystemInit    system_stm32f4xx.o
    0x08002a4c   0x08002a4c   0x00000018   Code   RO           88    .text.TIM4_IRQHandler  stm32f4xx_it.o
    0x08002a64   0x08002a64   0x000000d0   Code   RO          363    .text.TIM_Base_SetConfig  stm32f4xx_hal_tim.o
    0x08002b34   0x08002b34   0x00000022   Code   RO          545    .text.TIM_TI1_ConfigInputStage  stm32f4xx_hal_tim.o
    0x08002b56   0x08002b56   0x00000022   Code   RO          547    .text.TIM_TI2_ConfigInputStage  stm32f4xx_hal_tim.o
    0x08002b78   0x08002b78   0x0000017c   Code   RO          681    .text.UART_SetConfig  stm32f4xx_hal_uart.o
    0x08002cf4   0x08002cf4   0x00000058   Code   RO          695    .text.UART_WaitOnFlagUntilTimeout  stm32f4xx_hal_uart.o
    0x08002d4c   0x08002d4c   0x00000002   Code   RO           86    .text.USART2_IRQHandler  stm32f4xx_it.o
    0x08002d4e   0x08002d4e   0x00000002   Code   RO           76    .text.UsageFault_Handler  stm32f4xx_it.o
    0x08002d50   0x08002d50   0x00000074   Code   RO          167    .text.VOSC_SendTwo_uint16  sw_virtual_oscilloscope.o
    0x08002dc4   0x08002dc4   0x00000024   Code   RO         1095    .text.__NVIC_SetPriority  stm32f4xx_hal_cortex.o
    0x08002de8   0x08002de8   0x00000018   Code   RO          145    .text.fputc         initial.o
    0x08002e00   0x08002e00   0x0000012c   Code   RO           11    .text.main          main.o
    0x08002f2c   0x08002f2c   0x00000020   Code   RO         1653    i.__0printf         mc_w.l(printfa.o)
    0x08002f4c   0x08002f4c   0x00000028   Code   RO         1655    i.__0sprintf        mc_w.l(printfa.o)
    0x08002f74   0x08002f74   0x0000000e   Code   RO         1735    i.__scatterload_copy  mc_w.l(handlers.o)
    0x08002f82   0x08002f82   0x00000002   Code   RO         1736    i.__scatterload_null  mc_w.l(handlers.o)
    0x08002f84   0x08002f84   0x0000000e   Code   RO         1737    i.__scatterload_zeroinit  mc_w.l(handlers.o)
    0x08002f92   0x08002f92   0x00000002   PAD
    0x08002f94   0x08002f94   0x00000184   Code   RO         1660    i._fp_digits        mc_w.l(printfa.o)
    0x08003118   0x08003118   0x000006dc   Code   RO         1661    i._printf_core      mc_w.l(printfa.o)
    0x080037f4   0x080037f4   0x00000024   Code   RO         1662    i._printf_post_padding  mc_w.l(printfa.o)
    0x08003818   0x08003818   0x0000002e   Code   RO         1663    i._printf_pre_padding  mc_w.l(printfa.o)
    0x08003846   0x08003846   0x0000000a   Code   RO         1665    i._sputc            mc_w.l(printfa.o)
    0x08003850   0x08003850   0x00000024   Code   RO         1412    i.puts              mc_w.l(puts.o)
    0x08003874   0x08003874   0x00000804   Data   RO         1386    .constdata          arm_cortexM4lf_math.lib(arm_common_tables.o)
    0x08004078   0x08004078   0x00000010   Data   RO         1237    .rodata.AHBPrescTable  system_stm32f4xx.o
    0x08004088   0x08004088   0x00000008   Data   RO         1238    .rodata.APBPrescTable  system_stm32f4xx.o
    0x08004090   0x08004090   0x00000005   Data   RO           35    .rodata.str1.1      main.o
    0x08004095   0x08004095   0x00000059   Data   RO         1267    .rodata.str1.1      hw_gpu35c.o
    0x080040ee   0x080040ee   0x00000002   PAD
    0x080040f0   0x080040f0   0x00000020   Data   RO         1734    Region$$Table       anon$$obj.o


    Execution Region RW_IRAM1 (Exec base: 0x20000000, Load base: 0x08004110, Size: 0x00000c28, Max: 0x00020000, ABSOLUTE)

    Exec Addr    Load Addr    Size         Type   Attr      Idx    E Section Name        Object

    0x20000000   0x08004110   0x00000004   Data   RW         1713    .data               mc_w.l(stdout.o)
    0x20000004   0x08004114   0x00000004   Data   RW          169    .data..L_MergedGlobals  sw_virtual_oscilloscope.o
    0x20000008   0x08004118   0x00000008   Data   RW         1195    .data..L_MergedGlobals  stm32f4xx_hal.o
    0x20000010   0x08004120   0x00000004   Data   RW         1236    .data.SystemCoreClock  system_stm32f4xx.o
    0x20000014   0x08004124   0x00000010   Data   RW           31    .data.temp_min      main.o
    0x20000024   0x08004134   0x00000004   PAD
    0x20000028        -       0x0000005c   Zero   RW           58    .bss..L_MergedGlobals  main.o
    0x20000084        -       0x00000080   Zero   RW         1266    .bss.buf            hw_gpu35c.o
    0x20000104        -       0x00000048   Zero   RW          147    .bss.hadc1          initial.o
    0x2000014c        -       0x00000014   Zero   RW          148    .bss.hdac           initial.o
    0x20000160        -       0x00000060   Zero   RW          149    .bss.hdma           initial.o
    0x200001c0        -       0x00000060   Zero   RW          155    .bss.hdma_adc1      initial.o
    0x20000220        -       0x00000040   Zero   RW          150    .bss.htim2          initial.o
    0x20000260        -       0x00000040   Zero   RW          151    .bss.htim3          initial.o
    0x200002a0        -       0x00000040   Zero   RW          152    .bss.htim4          initial.o
    0x200002e0        -       0x00000040   Zero   RW          153    .bss.huart1         initial.o
    0x20000320        -       0x00000100   Zero   RW           32    .bss.sinewave_val   main.o
    0x20000420        -       0x00000400   Zero   RW           33    .bss.tempval3       main.o
    0x20000820        -       0x00000004   Zero   RW         1194    .bss.uwTick         stm32f4xx_hal.o
    0x20000824   0x08004134   0x00000004   PAD
    0x20000828        -       0x00000400   Zero   RW            1    STACK               startup_stm32f446xx.o


==============================================================================

Image component sizes


      Code (inc. data)   RO Data    RW Data    ZI Data      Debug   Object Name

       272        144         89          0        128       5098   hw_gpu35c.o
      1264        100          0          0        540      11257   initial.o
      1386        208          5         16       1372       9701   main.o
        36          8        452          0       1024        808   startup_stm32f446xx.o
       172         12          0          8          4       7436   stm32f4xx_hal.o
      1030         52          0          0          0       9859   stm32f4xx_hal_adc.o
       196         28          0          0          0       9918   stm32f4xx_hal_cortex.o
       398         24          0          0          0       7063   stm32f4xx_hal_dac.o
        52          0          0          0          0       4774   stm32f4xx_hal_dac_ex.o
       562         16          0          0          0       8325   stm32f4xx_hal_dma.o
       406         24          0          0          0       4939   stm32f4xx_hal_gpio.o
       608         40          0          0          0      10978   stm32f4xx_hal_msp.o
       340         20          0          0          0       7147   stm32f4xx_hal_rcc.o
       908         24          0          0          0       9440   stm32f4xx_hal_rcc_ex.o
      1006         44          0          0          0      35448   stm32f4xx_hal_tim.o
        70          0          0          0          0      13630   stm32f4xx_hal_tim_ex.o
       734         12          0          0          0      15841   stm32f4xx_hal_uart.o
        46          4          0          0          0       1415   stm32f4xx_it.o
       116          8          0          4          0       3809   sw_virtual_oscilloscope.o
        76         16         24          4          0       2666   system_stm32f4xx.o

    ----------------------------------------------------------------------
      9700        788        604         32       3076     179552   Object Totals
         0          0         32          0          0          0   (incl. Generated)
        22          4          2          0          8          0   (incl. Padding)

    ----------------------------------------------------------------------

      Code (inc. data)   RO Data    RW Data    ZI Data      Debug   Library Member Name

         0          0       2052          0          0       4704   arm_common_tables.o
       148         18          0          0          0      18682   arm_sin_f32.o
         0          0          0          0          0          0   entry.o
         0          0          0          0          0          0   entry10a.o
         0          0          0          0          0          0   entry11a.o
         8          4          0          0          0          0   entry2.o
         4          0          0          0          0          0   entry5.o
         0          0          0          0          0          0   entry7b.o
         0          0          0          0          0          0   entry8b.o
         8          4          0          0          0          0   entry9a.o
        30          0          0          0          0          0   handlers.o
        36          8          0          0          0         68   init.o
         0          0          0          0          0          0   iusefp.o
        30          0          0          0          0         68   llshl.o
        36          0          0          0          0         68   llsshr.o
        32          0          0          0          0         68   llushr.o
        36          0          0          0          0        108   memseta.o
      2308         96          0          0          0        604   printfa.o
        36          6          0          0          0         80   puts.o
         0          0          0          4          0          0   stdout.o
        44          0          0          0          0         80   uidiv.o
        98          0          0          0          0         92   uldiv.o
        48          0          0          0          0         68   cdrcmple.o
        56          0          0          0          0         88   d2f.o
       334          0          0          0          0        148   dadd.o
       222          0          0          0          0        100   ddiv.o
       186          0          0          0          0        176   depilogue.o
        62          0          0          0          0         80   dfixi.o
        50          0          0          0          0         76   dfixui.o
        48          0          0          0          0         68   dfixul.o
        34          0          0          0          0         76   dflti.o
        26          0          0          0          0         76   dfltui.o
       228          0          0          0          0         96   dmul.o
        38          0          0          0          0         68   f2d.o
       110          0          0          0          0        168   fepilogue.o

    ----------------------------------------------------------------------
      4300        136       2052          4          0      25910   Library Totals
         4          0          0          0          0          0   (incl. Padding)

    ----------------------------------------------------------------------

      Code (inc. data)   RO Data    RW Data    ZI Data      Debug   Library Name

       148         18       2052          0          0      23386   arm_cortexM4lf_math.lib
      2706        118          0          4          0       1236   mc_w.l
      1442          0          0          0          0       1288   mf_w.l

    ----------------------------------------------------------------------
      4300        136       2052          4          0      25910   Library Totals

    ----------------------------------------------------------------------

==============================================================================


      Code (inc. data)   RO Data    RW Data    ZI Data      Debug   

     14000        924       2656         36       3076     204078   Grand Totals
     14000        924       2656         36       3076     204078   ELF Image Totals
     14000        924       2656         36          0          0   ROM Totals

==============================================================================

    Total RO  Size (Code + RO Data)                16656 (  16.27kB)
    Total RW  Size (RW Data + ZI Data)              3112 (   3.04kB)
    Total ROM Size (Code + RO Data + RW Data)      16692 (  16.30kB)

==============================================================================

